2026-10-07 21:47:01,265 [INFO] Горячая клавиша зарегистрирована: ctrl+alt+l
2026-10-07 21:47:41,228 [INFO] Добавлено через drag&drop: 1
2026-10-07 21:53:57,467 [INFO] Горячая клавиша зарегистрирована: ctrl+alt+l
2026-10-07 22:07:38,864 [INFO] Горячая клавиша зарегистрирована: ctrl+alt+l
2026-10-07 22:07:52,836 [INFO] Сканируем меню Пуск и Steam...
2026-10-07 22:07:52,842 [INFO] Меню Пуск: найдено 122 ярлыков
2026-10-07 22:07:52,842 [INFO] Steam найден в C:\Program Files (x86)\Steam
2026-10-07 22:07:52,847 [INFO] Steam: найдено 5 игр
2026-10-07 22:08:32,226 [INFO] Сканируем меню Пуск и Steam...
2026-10-07 22:08:32,239 [INFO] Меню Пуск: найдено 122 ярлыков
2026-10-07 22:08:32,240 [INFO] Steam найден в C:\Program Files (x86)\Steam
2026-10-07 22:08:32,240 [INFO] Steam: найдено 5 игр
2026-10-07 22:09:11,061 [INFO] Сканируем меню Пуск и Steam...
2026-10-07 22:09:11,068 [INFO] Меню Пуск: найдено 122 ярлыков
2026-10-07 22:09:11,068 [INFO] Steam найден в C:\Program Files (x86)\Steam
2026-10-07 22:09:11,069 [INFO] Steam: найдено 5 игр
2026-10-07 22:16:20,160 [INFO] Горячая клавиша зарегистрирована: ctrl+alt+l
2026-10-07 22:16:25,661 [INFO] Сканируем меню Пуск и Steam...
2026-10-07 22:16:25,667 [INFO] Меню Пуск: найдено 122 ярлыков
2026-10-07 22:16:25,667 [INFO] Steam найден в C:\Program Files (x86)\Steam
2026-10-07 22:16:25,669 [INFO] Steam: найдено 5 игр
2026-10-07 22:16:25,669 [INFO] Кандидатов найдено: 127
2026-10-07 22:16:25,669 [INFO] Уже в лаунчере: 1
2026-10-07 22:16:27,238 [INFO] ImportDialog: загружено 127 элементов
2026-10-07 22:16:33,429 [INFO] ImportDialog: выбрано 1 элементов
2026-10-07 22:16:33,429 [INFO] ImportDialog: категория = games
2026-10-07 22:16:33,433 [INFO] ImportDialog вернул код: 1
2026-10-07 22:16:33,433 [INFO] Импортируем 1 элементов...
2026-10-07 22:16:33,433 [INFO] Импорт: добавлено 1, пропущено дублей 0
2026-10-07 22:16:40,574 [INFO] Сканируем меню Пуск и Steam...
2026-10-07 22:16:40,580 [INFO] Меню Пуск: найдено 122 ярлыков
2026-10-07 22:16:40,580 [INFO] Steam найден в C:\Program Files (x86)\Steam
2026-10-07 22:16:40,581 [INFO] Steam: найдено 5 игр
2026-10-07 22:16:40,581 [INFO] Кандидатов найдено: 127
2026-10-07 22:16:40,581 [INFO] Уже в лаунчере: 1
2026-10-07 22:16:40,585 [INFO] ImportDialog: загружено 127 элементов
2026-10-07 22:16:43,487 [INFO] ImportDialog: выбрано 1 элементов
2026-10-07 22:16:43,487 [INFO] ImportDialog: категория = games
2026-10-07 22:16:43,492 [INFO] ImportDialog вернул код: 1
2026-10-07 22:16:43,492 [INFO] Импортируем 1 элементов...
2026-10-07 22:16:43,492 [INFO] Импорт: добавлено 1, пропущено дублей 0
2026-10-07 22:17:56,720 [INFO] Горячая клавиша зарегистрирована: ctrl+alt+l
2026-10-07 22:17:58,802 [INFO] Сканируем меню Пуск и Steam...
2026-10-07 22:17:58,808 [INFO] Меню Пуск: найдено 122 ярлыков
2026-10-07 22:17:58,808 [INFO] Steam найден в C:\Program Files (x86)\Steam
2026-10-07 22:17:58,810 [INFO] Steam: найдено 5 игр
2026-10-07 22:17:58,810 [INFO] Кандидатов найдено: 127
2026-10-07 22:17:58,810 [INFO] Уже в лаунчере: 1
2026-10-07 22:18:00,464 [INFO] ImportDialog: загружено 127 элементов
2026-10-07 22:18:06,688 [INFO] ImportDialog: выбрано 1 элементов
2026-10-07 22:18:06,688 [INFO] ImportDialog: категория = games
2026-10-07 22:18:06,691 [INFO] ImportDialog вернул код: 1
2026-10-07 22:18:06,691 [INFO] Импортируем 1 элементов...
2026-10-07 22:18:06,691 [INFO] Импорт: добавлено 1, пропущено дублей 0
2026-10-07 22:18:08,812 [INFO] Сканируем меню Пуск и Steam...
2026-10-07 22:18:08,818 [INFO] Меню Пуск: найдено 122 ярлыков
2026-10-07 22:18:08,818 [INFO] Steam найден в C:\Program Files (x86)\Steam
2026-10-07 22:18:08,819 [INFO] Steam: найдено 5 игр
2026-10-07 22:18:08,819 [INFO] Кандидатов найдено: 127
2026-10-07 22:18:08,819 [INFO] Уже в лаунчере: 2
2026-10-07 22:18:08,823 [INFO] ImportDialog: загружено 127 элементов
2026-10-07 22:18:14,746 [INFO] ImportDialog: выбрано 1 элементов
2026-10-07 22:18:14,746 [INFO] ImportDialog: категория = games
2026-10-07 22:18:14,748 [INFO] ImportDialog вернул код: 1
2026-10-07 22:18:14,748 [INFO] Импортируем 1 элементов...
2026-10-07 22:18:14,748 [INFO] Импорт: добавлено 0, пропущено дублей 1
2026-10-07 22:24:22,127 [INFO] Горячая клавиша зарегистрирована: ctrl+alt+l
2026-10-07 22:27:19,750 [INFO] Горячая клавиша зарегистрирована: ctrl+alt+l
2026-10-07 22:28:01,193 [INFO] Сканируем меню Пуск и Steam...
2026-10-07 22:28:01,199 [INFO] Меню Пуск: найдено 122 ярлыков
2026-10-07 22:28:01,199 [INFO] Steam найден в C:\Program Files (x86)\Steam
2026-10-07 22:28:01,200 [INFO] Steam: найдено 5 игр
2026-10-07 22:28:01,200 [INFO] Кандидатов найдено: 127
2026-10-07 22:28:02,806 [INFO] ImportDialog: загружено 127 элементов
2026-10-07 22:28:11,836 [INFO] ImportDialog: выбрано 4 элементов
2026-10-07 22:28:11,836 [INFO] ImportDialog: категория = games
2026-10-07 22:35:23,996 [INFO] Горячая клавиша зарегистрирована: ctrl+alt+l
2026-10-07 22:36:17,085 [INFO] Горячая клавиша зарегистрирована: ctrl+alt+l
2026-10-07 22:36:26,099 [INFO] Горячая клавиша зарегистрирована: ctrl+alt+l
2026-10-07 22:36:59,274 [INFO] Сканируем источники...
2026-10-07 22:36:59,280 [INFO] Меню Пуск: найдено 122 ярлыков
2026-10-07 22:36:59,281 [INFO] Steam: найдено 5 игр
2026-10-07 22:36:59,281 [INFO] Epic Games не найден
2026-10-07 22:36:59,281 [INFO] Кандидатов найдено: 127
2026-10-07 22:37:00,853 [INFO] ImportDialog: загружено 127 элементов
2026-10-07 22:38:45,871 [INFO] Кэш иконок очищен
2026-10-07 22:39:05,992 [INFO] Сканируем источники...
2026-10-07 22:39:05,999 [INFO] Меню Пуск: найдено 122 ярлыков
2026-10-07 22:39:06,000 [INFO] Steam: найдено 5 игр
2026-10-07 22:39:06,000 [INFO] Epic Games не найден
2026-10-07 22:39:06,000 [INFO] Кандидатов найдено: 127
2026-10-07 22:39:06,487 [INFO] ImportDialog: загружено 127 элементов
2026-10-07 22:45:49,480 [INFO] Горячая клавиша зарегистрирована: ctrl+alt+l
2026-10-07 22:45:51,169 [INFO] set_category: games
2026-10-07 22:45:51,856 [INFO] set_category: work
2026-10-07 22:45:52,187 [INFO] set_category: system
2026-10-07 22:45:52,438 [INFO] set_category: other
2026-10-07 22:45:53,216 [INFO] set_category: all
2026-10-07 22:45:58,293 [INFO] Сканируем источники...
2026-10-07 22:45:58,299 [INFO] Меню Пуск: найдено 122 ярлыков
2026-10-07 22:45:58,301 [INFO] Steam: найдено 5 игр
2026-10-07 22:45:58,301 [INFO] Epic Games не найден
2026-10-07 22:45:58,301 [INFO] Кандидатов найдено: 127
2026-10-07 22:45:59,914 [INFO] ImportDialog: загружено 127 элементов
2026-10-07 22:46:06,848 [INFO] set_category: games
2026-10-07 22:46:07,534 [INFO] set_category: all
2026-10-07 22:46:10,671 [INFO] set_category: games
2026-10-07 22:46:10,972 [INFO] set_category: work
2026-10-07 22:46:11,234 [INFO] set_category: system
2026-10-07 22:46:11,477 [INFO] set_category: other
2026-10-07 22:46:12,058 [INFO] set_category: all
2026-10-07 22:46:20,806 [INFO] set_category: games
2026-10-07 22:46:21,201 [INFO] set_category: system
2026-10-07 22:46:21,797 [INFO] set_category: work
2026-10-07 22:46:22,234 [INFO] set_category: all
2026-10-07 22:46:22,611 [INFO] set_category: system
2026-10-07 22:46:24,559 [INFO] set_category: all
2026-10-07 22:50:24,432 [INFO] Бэкап создан: F:\MyLauncher\backups\apps_2026-10-07_22-50-24.json
2026-10-07 22:50:24,663 [INFO] Горячая клавиша зарегистрирована: ctrl+alt+l
2026-10-07 22:51:39,187 [INFO] Автозапуск включён: C:\Users\Double\AppData\Roaming\Microsoft\Windows\Start Menu\Programs\Startup\MyLauncher.lnk
2026-10-07 22:51:58,814 [INFO] Автозапуск выключен: C:\Users\Double\AppData\Roaming\Microsoft\Windows\Start Menu\Programs\Startup\MyLauncher.lnk
2026-10-07 22:57:24,178 [INFO] Бэкап создан: F:\MyLauncher\backups\apps_2026-10-07_22-57-24.json
2026-10-07 22:57:24,343 [INFO] Hotkey зарегистрирована: ctrl+alt+l
2026-10-07 22:57:24,343 [INFO] Quick hotkey зарегистрирована: ctrl+alt+space
2026-10-07 22:57:59,619 [INFO] Бэкап создан: F:\MyLauncher\backups\apps_2026-10-07_22-57-59.json
2026-10-07 22:57:59,831 [INFO] Hotkey зарегистрирована: ctrl+alt+l
2026-10-07 22:57:59,831 [INFO] Quick hotkey зарегистрирована: ctrl+alt+space
2026-10-07 22:59:11,983 [WARNING] Не удалось активировать окно Steam
2026-10-07 22:59:13,699 [WARNING] Не удалось активировать окно Steam
2026-10-07 22:59:20,125 [WARNING] Не удалось активировать окно Steam
2026-10-07 22:59:27,511 [WARNING] Не удалось активировать окно Steam
2026-10-07 22:59:31,741 [WARNING] Не удалось активировать окно Steam
2026-10-07 22:59:37,864 [WARNING] Не удалось активировать окно Steam
2026-10-07 22:59:55,337 [INFO] Завершено процессов: 1 (Steam)
2026-10-07 23:00:17,807 [INFO] Завершено процессов: 1 (Steam)
2026-10-07 23:04:08,957 [INFO] QuickLauncher: запущено Steam
2026-10-07 23:07:19,446 [INFO] Бэкап создан: F:\MyLauncher\backups\apps_2026-10-07_23-07-19.json
2026-10-07 23:07:19,621 [INFO] Hotkey зарегистрирована: ctrl+alt+l
2026-10-07 23:07:19,621 [INFO] Quick hotkey зарегистрирована: ctrl+alt+space
2026-10-07 23:07:36,967 [INFO] Пытаемся активировать окно Steam
2026-10-07 23:07:36,970 [WARNING] Не найдено главных окон у steam.exe
2026-10-07 23:07:47,406 [INFO] Пытаемся активировать окно Steam
2026-10-07 23:07:47,408 [WARNING] Не найдено главных окон у steam.exe
2026-10-07 23:10:48,546 [INFO] Бэкап создан: F:\MyLauncher\backups\apps_2026-10-07_23-10-48.json
2026-10-07 23:10:48,773 [INFO] Hotkey зарегистрирована: ctrl+alt+l
2026-10-07 23:10:48,773 [INFO] Quick hotkey зарегистрирована: ctrl+alt+space
2026-10-07 23:11:08,742 [INFO] Пытаемся активировать окно Steam
2026-10-07 23:11:08,743 [INFO] pygetwindow: 'Интерфейс ввода Windows' (score=2774, min=False, active=False)
2026-10-07 23:11:08,743 [INFO] pygetwindow: 'Program Manager' (score=2774, min=False, active=False)
2026-10-07 23:11:08,743 [INFO] pygetwindow: 'NVIDIA GeForce Overlay' (score=2773, min=False, active=False)
2026-10-07 23:11:08,746 [INFO] pygetwindow: активировано 'Интерфейс ввода Windows'
2026-10-07 23:11:14,231 [INFO] Пытаемся активировать окно Steam
2026-10-07 23:11:14,232 [INFO] pygetwindow: 'Интерфейс ввода Windows' (score=2774, min=False, active=False)
2026-10-07 23:11:14,232 [INFO] pygetwindow: 'Program Manager' (score=2774, min=False, active=False)
2026-10-07 23:11:14,232 [INFO] pygetwindow: 'NVIDIA GeForce Overlay' (score=2773, min=False, active=False)
2026-10-07 23:11:14,236 [INFO] pygetwindow: активировано 'Интерфейс ввода Windows'
2026-10-07 23:11:22,229 [INFO] Завершаем процесс: Steam (C:\Program Files (x86)\Steam\Steam.exe)
2026-10-07 23:11:22,436 [INFO] Процесс steam.exe завершён (terminate)
2026-10-07 23:11:22,436 [INFO] Завершено процессов: 1 (Steam)
2026-10-07 23:11:44,239 [INFO] Пытаемся активировать окно Steam
2026-10-07 23:11:44,240 [INFO] pygetwindow: 'Интерфейс ввода Windows' (score=2774, min=False, active=False)
2026-10-07 23:11:44,241 [INFO] pygetwindow: 'Program Manager' (score=2774, min=False, active=False)
2026-10-07 23:11:44,241 [INFO] pygetwindow: 'NVIDIA GeForce Overlay' (score=2773, min=False, active=False)
2026-10-07 23:11:44,244 [INFO] pygetwindow: активировано 'Интерфейс ввода Windows'
2026-10-07 23:11:49,463 [INFO] Пытаемся активировать окно Steam
2026-10-07 23:11:49,464 [INFO] pygetwindow: 'Интерфейс ввода Windows' (score=2774, min=False, active=False)
2026-10-07 23:11:49,464 [INFO] pygetwindow: 'Program Manager' (score=2774, min=False, active=False)
2026-10-07 23:11:49,464 [INFO] pygetwindow: 'NVIDIA GeForce Overlay' (score=2773, min=False, active=False)
2026-10-07 23:11:49,467 [INFO] pygetwindow: активировано 'Интерфейс ввода Windows'
2026-10-07 23:11:52,030 [INFO] Пытаемся активировать окно Steam
2026-10-07 23:11:52,031 [INFO] pygetwindow: 'Интерфейс ввода Windows' (score=2774, min=False, active=False)
2026-10-07 23:11:52,031 [INFO] pygetwindow: 'Program Manager' (score=2774, min=False, active=False)
2026-10-07 23:11:52,031 [INFO] pygetwindow: 'NVIDIA GeForce Overlay' (score=2773, min=False, active=False)
2026-10-07 23:11:52,033 [INFO] pygetwindow: активировано 'Интерфейс ввода Windows'
2026-10-07 23:11:54,895 [INFO] Пытаемся активировать окно Steam
2026-10-07 23:11:54,896 [INFO] pygetwindow: 'Интерфейс ввода Windows' (score=2774, min=False, active=False)
2026-10-07 23:11:54,896 [INFO] pygetwindow: 'Program Manager' (score=2774, min=False, active=False)
2026-10-07 23:11:54,896 [INFO] pygetwindow: 'NVIDIA GeForce Overlay' (score=2773, min=False, active=False)
2026-10-07 23:11:54,899 [INFO] pygetwindow: активировано 'Интерфейс ввода Windows'
2026-10-07 23:14:01,978 [INFO] Бэкап создан: F:\MyLauncher\backups\apps_2026-10-07_23-14-01.json
2026-10-07 23:14:02,138 [INFO] Hotkey зарегистрирована: ctrl+alt+l
2026-10-07 23:14:02,139 [INFO] Quick hotkey зарегистрирована: ctrl+alt+space
2026-10-07 23:17:30,697 [INFO] Бэкап создан: F:\MyLauncher\backups\apps_2026-10-07_23-17-30.json
2026-10-07 23:17:30,974 [INFO] Hotkey зарегистрирована: ctrl+alt+l
2026-10-07 23:17:30,974 [INFO] Quick hotkey зарегистрирована: ctrl+alt+space
2026-10-07 23:17:49,394 [INFO] Завершаем процесс: Steam (C:\Program Files (x86)\Steam\Steam.exe)
2026-10-07 23:17:49,600 [INFO] Процесс steam.exe завершён (terminate)
2026-10-07 23:17:49,600 [INFO] Завершено процессов: 1 (Steam)
2026-10-07 23:18:27,586 [INFO] Завершаем процесс: Steam (C:\Program Files (x86)\Steam\Steam.exe)
2026-10-07 23:18:27,791 [INFO] Процесс steam.exe завершён (terminate)
2026-10-07 23:18:27,791 [INFO] Завершено процессов: 1 (Steam)
2026-10-07 23:22:02,938 [INFO] Бэкап создан: F:\MyLauncher\backups\apps_2026-10-07_23-22-02.json
2026-10-07 23:22:03,094 [INFO] Hotkey зарегистрирована: ctrl+alt+l
2026-10-07 23:22:03,094 [INFO] Quick hotkey зарегистрирована: ctrl+alt+space
2026-10-07 23:22:32,389 [INFO] Сканируем источники...
2026-10-07 23:22:32,396 [INFO] Меню Пуск: найдено 122 ярлыков
2026-10-07 23:22:32,398 [INFO] Steam: найдено 5 игр
2026-10-07 23:22:32,398 [INFO] Epic Games не найден
2026-10-07 23:22:32,398 [INFO] Кандидатов найдено: 127
2026-10-07 23:22:34,044 [INFO] ImportDialog: загружено 127 элементов
2026-10-07 23:24:10,155 [INFO] Сканируем источники...
2026-10-07 23:24:10,159 [INFO] Меню Пуск: найдено 122 ярлыков
2026-10-07 23:24:10,160 [INFO] Steam: найдено 5 игр
2026-10-07 23:24:10,160 [INFO] Epic Games не найден
2026-10-07 23:24:10,160 [INFO] Кандидатов найдено: 127
2026-10-07 23:24:10,164 [INFO] ImportDialog: загружено 127 элементов
2026-10-07 23:24:34,452 [INFO] Сканируем источники...
2026-10-07 23:24:34,458 [INFO] Меню Пуск: найдено 122 ярлыков
2026-10-07 23:24:34,460 [INFO] Steam: найдено 5 игр
2026-10-07 23:24:34,460 [INFO] Epic Games не найден
2026-10-07 23:24:34,460 [INFO] Кандидатов найдено: 127
2026-10-07 23:24:34,464 [INFO] ImportDialog: загружено 127 элементов
2026-10-07 23:28:29,948 [INFO] Бэкап создан: F:\MyLauncher\backups\apps_2026-10-07_23-28-29.json
2026-10-07 23:28:30,167 [INFO] Hotkey зарегистрирована: ctrl+alt+l
2026-10-07 23:28:30,167 [INFO] Quick hotkey зарегистрирована: ctrl+alt+space
2026-10-07 23:28:39,566 [INFO] Сканируем источники...
2026-10-07 23:28:39,573 [INFO] Меню Пуск: найдено 122 ярлыков
2026-10-07 23:28:39,574 [INFO] Steam: найдено 5 игр
2026-10-07 23:28:39,574 [INFO] Epic Games не найден
2026-10-07 23:28:39,574 [INFO] Кандидатов найдено: 127
2026-10-07 23:28:41,219 [INFO] ImportDialog: загружено 127 элементов
2026-10-07 23:36:32,897 [INFO] Бэкап создан: F:\MyLauncher\backups\apps_2026-10-07_23-36-32.json
2026-10-07 23:36:33,058 [INFO] Hotkey зарегистрирована: ctrl+alt+l
2026-10-07 23:36:33,058 [INFO] Quick hotkey зарегистрирована: ctrl+alt+space
2026-10-07 23:36:46,166 [INFO] toggle_compact: было False
2026-10-07 23:36:46,176 [INFO] toggle_compact: стало True, карточек 1
2026-10-07 23:36:47,034 [INFO] toggle_compact: было True
2026-10-07 23:36:47,040 [INFO] toggle_compact: стало False, карточек 1
2026-10-07 23:38:04,704 [INFO] Кэш иконок очищен
2026-10-07 23:42:58,748 [INFO] Бэкап создан: F:\MyLauncher\backups\apps_2026-10-07_23-42-58.json
2026-10-07 23:42:58,953 [INFO] Hotkey зарегистрирована: ctrl+alt+l
2026-10-07 23:42:58,953 [INFO] Quick hotkey зарегистрирована: ctrl+alt+space
2026-10-07 23:42:59,226 [INFO] resolve_target: Steam.lnk -> C:\Program Files (x86)\Steam\Steam.exe
2026-10-07 23:43:32,908 [INFO] quit_app: закрытие приложения
2026-10-07 23:43:32,910 [INFO] closeEvent: закрытие окна
2026-10-07 23:43:32,910 [INFO] quit_app: закрытие приложения
2026-10-07 23:43:38,592 [INFO] Бэкап создан: F:\MyLauncher\backups\apps_2026-10-07_23-43-38.json
2026-10-07 23:43:38,746 [INFO] Hotkey зарегистрирована: ctrl+alt+l
2026-10-07 23:43:38,746 [INFO] Quick hotkey зарегистрирована: ctrl+alt+space
2026-10-07 23:43:39,001 [INFO] resolve_target: Steam.lnk -> C:\Program Files (x86)\Steam\Steam.exe
2026-10-07 23:43:53,522 [INFO] kill_running_process: Steam (C:\ProgramData\Microsoft\Windows\Start Menu\Programs\Steam\Steam.lnk)
2026-10-07 23:43:53,725 [INFO] Процесс steam.exe завершён (terminate)
2026-10-07 23:43:53,725 [INFO] Завершено процессов: 1 (Steam)
2026-10-07 23:43:58,345 [INFO] launch_app: Steam (C:\ProgramData\Microsoft\Windows\Start Menu\Programs\Steam\Steam.lnk), is_running=False
2026-10-07 23:43:58,345 [INFO] _do_launch: Steam
2026-10-07 23:44:12,283 [INFO] launch_app: Steam (C:\ProgramData\Microsoft\Windows\Start Menu\Programs\Steam\Steam.lnk), is_running=True
2026-10-07 23:44:19,033 [INFO] launch_app: выбор пользователя = cancel
2026-10-07 23:45:02,146 [INFO] kill_running_process: Steam (C:\ProgramData\Microsoft\Windows\Start Menu\Programs\Steam\Steam.lnk)
2026-10-07 23:45:02,351 [INFO] Процесс steam.exe завершён (terminate)
2026-10-07 23:45:02,351 [INFO] Завершено процессов: 1 (Steam)
2026-10-07 23:45:04,499 [INFO] launch_app: Steam (C:\ProgramData\Microsoft\Windows\Start Menu\Programs\Steam\Steam.lnk), is_running=False
2026-10-07 23:45:04,499 [INFO] _do_launch: Steam
2026-10-07 23:45:08,047 [INFO] launch_app: Steam (C:\ProgramData\Microsoft\Windows\Start Menu\Programs\Steam\Steam.lnk), is_running=True
2026-10-07 23:45:09,164 [INFO] launch_app: выбор пользователя = close
2026-10-07 23:45:09,164 [INFO] _close_running: Steam, then_launch=False
2026-10-07 23:45:09,368 [INFO] Процесс steam.exe завершён (terminate)
2026-10-07 23:45:09,368 [INFO] _close_running: завершено 1 процессов
2026-10-07 23:47:46,012 [INFO] closeEvent: закрытие окна
2026-10-07 23:47:46,012 [INFO] quit_app: закрытие приложения
2026-10-07 23:48:54,027 [INFO] Бэкап создан: F:\MyLauncher\backups\apps_2026-10-07_23-48-54.json
2026-10-07 23:48:54,258 [INFO] Hotkey зарегистрирована: ctrl+alt+l
2026-10-07 23:48:54,258 [INFO] Quick hotkey зарегистрирована: ctrl+alt+space
2026-10-07 23:48:54,526 [INFO] resolve_target: Steam.lnk -> C:\Program Files (x86)\Steam\Steam.exe
2026-10-07 23:48:59,117 [INFO] launch_app: Steam (C:\ProgramData\Microsoft\Windows\Start Menu\Programs\Steam\Steam.lnk), is_running=False
2026-10-07 23:48:59,117 [INFO] _do_launch: Steam
2026-10-07 23:49:02,781 [INFO] launch_app: Steam (C:\ProgramData\Microsoft\Windows\Start Menu\Programs\Steam\Steam.lnk), is_running=True
2026-10-07 23:49:03,913 [INFO] launch_app: выбор пользователя = close
2026-10-07 23:49:03,913 [INFO] _close_running: Steam, then_launch=False
2026-10-07 23:49:04,116 [INFO] Процесс steam.exe завершён (terminate)
2026-10-07 23:49:04,116 [INFO] _close_running: завершено 1 процессов
2026-10-07 23:49:12,757 [INFO] closeEvent: close_to_tray=True
2026-10-07 23:49:48,354 [INFO] launch_app: Steam (C:\ProgramData\Microsoft\Windows\Start Menu\Programs\Steam\Steam.lnk), is_running=False
2026-10-07 23:49:48,354 [INFO] _do_launch: Steam
2026-10-07 23:49:59,278 [INFO] launch_app: Steam (C:\ProgramData\Microsoft\Windows\Start Menu\Programs\Steam\Steam.lnk), is_running=True
2026-10-07 23:50:01,991 [INFO] launch_app: выбор пользователя = close
2026-10-07 23:50:01,991 [INFO] _close_running: Steam, then_launch=False
2026-10-07 23:50:02,197 [INFO] Процесс steam.exe завершён (terminate)
2026-10-07 23:50:02,197 [INFO] _close_running: завершено 1 процессов
2026-10-07 23:50:19,303 [INFO] closeEvent: close_to_tray=True
2026-10-07 23:50:23,678 [INFO] closeEvent: close_to_tray=True
2026-10-07 23:50:26,465 [INFO] quit_app: закрытие приложения
2026-10-08 00:11:10,001 [INFO] Бэкап создан: F:\MyLauncher\backups\apps_2026-10-08_00-11-10.json
2026-10-08 00:11:10,234 [INFO] Hotkey: ctrl+alt+l
2026-10-08 00:11:10,234 [INFO] Quick hotkey: ctrl+alt+space
2026-10-08 00:11:10,499 [INFO] resolve_target: Steam.lnk -> C:\Program Files (x86)\Steam\Steam.exe
2026-10-08 00:16:03,341 [INFO] Бэкап создан: F:\MyLauncher\backups\apps_2026-10-08_00-16-03.json
2026-10-08 00:16:03,583 [INFO] Hotkey: ctrl+alt+l
2026-10-08 00:16:03,583 [INFO] Quick hotkey: ctrl+alt+space
2026-10-08 00:16:03,836 [INFO] resolve_target: Steam.lnk -> C:\Program Files (x86)\Steam\Steam.exe
2026-10-08 00:17:00,279 [INFO] Процесс steam.exe завершён (terminate)
2026-10-08 00:17:17,681 [INFO] Процесс steam.exe завершён (terminate)
2026-10-08 00:17:20,752 [INFO] Процесс steam.exe завершён (terminate)
2026-10-08 00:20:13,750 [INFO] Бэкап создан: F:\MyLauncher\backups\apps_2026-10-08_00-20-13.json
2026-10-08 00:20:13,979 [INFO] Hotkey: ctrl+alt+l
2026-10-08 00:20:13,979 [INFO] Quick hotkey: ctrl+alt+space
2026-10-08 00:20:14,239 [INFO] resolve_target: Steam.lnk -> C:\Program Files (x86)\Steam\Steam.exe
2026-10-08 00:21:05,022 [INFO] Процесс steam.exe завершён (terminate)
2026-10-08 00:27:17,482 [INFO] Бэкап создан: F:\MyLauncher\backups\apps_2026-10-08_00-27-17.json
2026-10-08 00:27:17,656 [INFO] Hotkey: ctrl+alt+l
2026-10-08 00:27:17,656 [INFO] Quick hotkey: ctrl+alt+space
2026-10-08 00:27:17,914 [INFO] resolve_target: Steam.lnk -> C:\Program Files (x86)\Steam\Steam.exe
2026-10-08 00:31:48,804 [INFO] Бэкап создан: F:\MyLauncher\backups\apps_2026-10-08_00-31-48.json
2026-10-08 00:31:49,004 [INFO] Hotkey: ctrl+alt+l
2026-10-08 00:31:49,005 [INFO] Quick hotkey: ctrl+alt+space
2026-10-08 00:31:49,262 [INFO] resolve_target: Steam.lnk -> C:\Program Files (x86)\Steam\Steam.exe
2026-10-08 00:34:51,349 [INFO] Бэкап создан: F:\MyLauncher\backups\apps_2026-10-08_00-34-51.json
2026-10-08 00:34:51,505 [INFO] Hotkey: ctrl+alt+l
2026-10-08 00:34:51,505 [INFO] Quick hotkey: ctrl+alt+space
2026-10-08 00:34:51,727 [INFO] resolve_target: Steam.lnk -> C:\Program Files (x86)\Steam\Steam.exe
2026-10-08 00:34:56,575 [INFO] toggle_compact: -> False
2026-10-08 00:35:04,293 [INFO] toggle_compact: -> True
2026-10-08 00:35:05,893 [INFO] toggle_compact: -> False
2026-10-08 00:35:17,425 [INFO] toggle_compact: -> True
2026-10-08 00:35:22,607 [INFO] toggle_compact: -> False
2026-10-08 00:35:24,945 [INFO] toggle_compact: -> True
2026-10-08 00:38:55,902 [INFO] Бэкап создан: F:\MyLauncher\backups\apps_2026-10-08_00-38-55.json
2026-10-08 00:38:56,148 [INFO] Hotkey: ctrl+alt+l
2026-10-08 00:38:56,148 [INFO] Quick hotkey: ctrl+alt+space
2026-10-08 00:38:56,370 [INFO] resolve_target: Steam.lnk -> C:\Program Files (x86)\Steam\Steam.exe
2026-10-08 00:38:59,632 [INFO] toggle_compact: -> False
2026-10-08 00:39:08,594 [INFO] toggle_compact: -> True
2026-10-08 00:39:10,676 [INFO] toggle_compact: -> False
2026-10-08 00:39:11,683 [INFO] toggle_compact: -> True
2026-10-08 00:39:12,664 [INFO] toggle_compact: -> False
2026-10-08 00:39:16,020 [INFO] Меню Пуск: найдено 122 ярлыков
2026-10-08 00:39:16,021 [INFO] Steam: найдено 5 игр
2026-10-08 00:39:16,022 [INFO] Epic Games не найден
2026-10-08 00:39:17,554 [INFO] ImportDialog: загружено 127 элементов
2026-10-08 00:39:50,657 [INFO] quit_app
2026-10-08 00:41:32,618 [INFO] Бэкап создан: F:\MyLauncher\backups\apps_2026-10-08_00-41-32.json
2026-10-08 00:41:32,811 [INFO] Hotkey: ctrl+alt+l
2026-10-08 00:41:32,812 [INFO] Quick hotkey: ctrl+alt+space
2026-10-08 00:41:33,063 [INFO] resolve_target: Steam.lnk -> C:\Program Files (x86)\Steam\Steam.exe
2026-10-08 00:41:33,449 [INFO] always_on_top native = False
2026-10-08 00:41:37,818 [INFO] toggle_compact: False -> True
2026-10-08 00:41:37,824 [INFO] compact flags -> True
2026-10-08 00:41:37,882 [INFO] always_on_top native = False
2026-10-08 00:41:39,599 [INFO] toggle_compact: True -> False
2026-10-08 00:41:39,604 [INFO] compact flags -> False
2026-10-08 00:41:39,672 [INFO] always_on_top native = False
2026-10-08 00:41:45,951 [INFO] toggle_compact: False -> True
2026-10-08 00:41:45,957 [INFO] compact flags -> True
2026-10-08 00:41:45,985 [INFO] always_on_top native = False
2026-10-08 00:41:52,196 [INFO] toggle_compact: True -> False
2026-10-08 00:41:52,201 [INFO] compact flags -> False
2026-10-08 00:41:52,239 [INFO] always_on_top native = False
2026-10-08 00:41:57,634 [INFO] quit_app
2026-10-08 00:44:18,150 [INFO] Бэкап создан: F:\MyLauncher\backups\apps_2026-10-08_00-44-18.json
2026-10-08 00:44:18,387 [INFO] Hotkey: ctrl+alt+l
2026-10-08 00:44:18,387 [INFO] Quick hotkey: ctrl+alt+space
2026-10-08 00:44:18,651 [INFO] resolve_target: Steam.lnk -> C:\Program Files (x86)\Steam\Steam.exe
2026-10-08 00:44:19,000 [INFO] always_on_top native = False
2026-10-08 00:44:25,793 [INFO] toggle_compact: False -> True
2026-10-08 00:44:25,795 [INFO] frameless native = True
2026-10-08 00:44:25,808 [INFO] always_on_top native = False
2026-10-08 00:44:27,994 [INFO] toggle_compact: True -> False
2026-10-08 00:44:28,003 [INFO] frameless native = False
2026-10-08 00:44:28,028 [INFO] always_on_top native = False
2026-10-08 00:47:40,291 [INFO] Бэкап создан: F:\MyLauncher\backups\apps_2026-10-08_00-47-40.json
2026-10-08 00:47:40,738 [INFO] resolve_target: Steam.lnk -> C:\Program Files (x86)\Steam\Steam.exe
2026-10-08 00:47:41,109 [INFO] always_on_top native = False
2026-10-08 00:48:30,786 [INFO] Открываю поиск steam: Dota
2026-10-08 00:48:57,562 [INFO] toggle_compact: False -> True
2026-10-08 00:48:57,565 [INFO] frameless native = True
2026-10-08 00:48:57,579 [INFO] always_on_top native = False
2026-10-08 00:49:00,325 [INFO] toggle_compact: True -> False
2026-10-08 00:49:00,334 [INFO] frameless native = False
2026-10-08 00:49:00,356 [INFO] always_on_top native = False
2026-10-08 01:08:53,310 [INFO] Бэкап создан: F:\MyLauncher\backups\apps_2026-10-08_01-08-53.json
2026-10-08 01:08:53,801 [INFO] resolve_target: Steam.lnk -> C:\Program Files (x86)\Steam\Steam.exe
2026-10-08 01:08:54,152 [INFO] always_on_top native = False
2026-10-08 01:10:21,672 [INFO] Процесс steam.exe завершён (terminate)
2026-10-08 01:11:15,106 [INFO] toggle_compact: False -> True
2026-10-08 01:11:15,108 [INFO] frameless native = True
2026-10-08 01:11:15,127 [INFO] always_on_top native = False
2026-10-08 01:11:16,719 [INFO] toggle_compact: True -> False
2026-10-08 01:11:16,723 [INFO] frameless native = False
2026-10-08 01:11:16,751 [INFO] always_on_top native = False
2026-10-08 01:12:52,950 [INFO] Процесс steam.exe завершён (terminate)
2026-10-08 01:14:30,048 [INFO] Бэкап создан: F:\MyLauncher\backups\apps_2026-10-08_01-14-30.json
2026-10-08 01:14:30,483 [INFO] resolve_target: Steam.lnk -> C:\Program Files (x86)\Steam\Steam.exe
2026-10-08 01:14:30,830 [INFO] always_on_top native = False
2026-10-08 01:15:09,503 [INFO] Процесс steam.exe завершён (terminate)
2026-10-08 01:17:42,617 [INFO] Бэкап создан: F:\MyLauncher\backups\apps_2026-10-08_01-17-42.json
2026-10-08 01:17:43,158 [INFO] resolve_target: Steam.lnk -> C:\Program Files (x86)\Steam\Steam.exe
2026-10-08 01:18:05,840 [INFO] Процесс steam.exe завершён (terminate)
2026-10-08 01:21:57,449 [INFO] Бэкап создан: F:\MyLauncher\backups\apps_2026-10-08_01-21-57.json
2026-10-08 01:21:57,856 [INFO] resolve_target: Steam.lnk -> C:\Program Files (x86)\Steam\Steam.exe
2026-10-08 01:22:32,377 [INFO] toggle_compact: False -> True
2026-10-08 01:22:32,379 [INFO] frameless native = True
2026-10-08 01:22:46,225 [INFO] toggle_compact: True -> False
2026-10-08 01:22:46,234 [INFO] frameless native = False
2026-10-08 01:22:59,111 [INFO] toggle_compact: False -> True
2026-10-08 01:22:59,114 [INFO] frameless native = True
2026-10-08 01:23:30,916 [INFO] toggle_compact: True -> False
2026-10-08 01:23:30,920 [INFO] frameless native = False
2026-10-08 01:27:36,703 [INFO] Бэкап создан: F:\MyLauncher\backups\apps_2026-10-08_01-27-36.json
2026-10-08 01:27:37,196 [INFO] resolve_target: Steam.lnk -> C:\Program Files (x86)\Steam\Steam.exe
2026-10-08 01:27:40,771 [INFO] toggle_compact: False -> True
2026-10-08 01:27:40,773 [INFO] frameless native = True
2026-10-08 01:30:47,091 [INFO] Бэкап создан: F:\MyLauncher\backups\apps_2026-10-08_01-30-47.json
2026-10-08 01:30:47,408 [INFO] resolve_target: Steam.lnk -> C:\Program Files (x86)\Steam\Steam.exe
2026-10-08 01:33:40,531 [INFO] Бэкап создан: F:\MyLauncher\backups\apps_2026-10-08_01-33-40.json
2026-10-08 01:33:41,018 [INFO] resolve_target: Steam.lnk -> C:\Program Files (x86)\Steam\Steam.exe
2026-10-08 01:36:21,190 [INFO] Бэкап создан: F:\MyLauncher\backups\apps_2026-10-08_01-36-21.json
2026-10-08 01:36:21,514 [INFO] resolve_target: Steam.lnk -> C:\Program Files (x86)\Steam\Steam.exe
2026-10-08 01:40:21,376 [INFO] Бэкап создан: F:\MyLauncher\backups\apps_2026-10-08_01-40-21.json
2026-10-08 01:40:21,771 [INFO] resolve_target: Steam.lnk -> C:\Program Files (x86)\Steam\Steam.exe
2026-10-08 01:40:22,244 [INFO] rounded corners set: 2
2026-10-08 02:30:42,827 [INFO] Бэкап создан: F:\MyLauncher\backups\apps_2026-10-08_02-30-42.json
2026-10-08 02:30:43,312 [INFO] resolve_target: Steam.lnk -> C:\Program Files (x86)\Steam\Steam.exe
2026-10-08 02:30:43,821 [INFO] rounded corners set: 2
2026-10-08 02:31:59,583 [INFO] Процесс steam.exe завершён (terminate)
2026-10-08 02:34:32,973 [INFO] Бэкап создан: F:\MyLauncher\backups\apps_2026-10-08_02-34-32.json
2026-10-08 02:34:33,373 [INFO] resolve_target: Steam.lnk -> C:\Program Files (x86)\Steam\Steam.exe
2026-10-08 02:34:33,869 [INFO] rounded corners set: 2
2026-10-08 02:34:37,009 [INFO] Процесс steam.exe завершён (terminate)
2026-10-08 02:35:06,360 [INFO] Процесс steam.exe завершён (terminate)
2026-10-08 02:38:07,403 [INFO] Бэкап создан: F:\MyLauncher\backups\apps_2026-10-08_02-38-07.json
2026-10-08 02:38:07,722 [INFO] resolve_target: Steam.lnk -> C:\Program Files (x86)\Steam\Steam.exe
2026-10-08 02:38:08,199 [INFO] rounded corners set: 2
2026-10-08 02:38:22,065 [INFO] Процесс steam.exe завершён (terminate)
2026-10-08 02:38:22,066 [INFO] Завершено процессов: 1 (Steam)
2026-10-08 02:39:40,681 [INFO] Бэкап создан: F:\MyLauncher\backups\apps_2026-10-08_02-39-40.json
2026-10-08 02:39:41,057 [INFO] resolve_target: Steam.lnk -> C:\Program Files (x86)\Steam\Steam.exe
2026-10-08 02:39:41,526 [INFO] rounded corners set: 2
2026-10-08 02:45:23,748 [INFO] Бэкап создан: F:\MyLauncher\backups\apps_2026-10-08_02-45-23.json
2026-10-08 02:45:24,077 [INFO] resolve_target: Steam.lnk -> C:\Program Files (x86)\Steam\Steam.exe
2026-10-08 02:48:27,783 [INFO] Бэкап создан: F:\MyLauncher\backups\apps_2026-10-08_02-48-27.json
2026-10-08 02:48:28,170 [INFO] resolve_target: Steam.lnk -> C:\Program Files (x86)\Steam\Steam.exe
2026-10-08 02:57:27,103 [INFO] Бэкап создан: F:\MyLauncher\backups\apps_2026-10-08_02-57-27.json
2026-10-08 02:57:29,448 [INFO] resolve_target: Steam.lnk -> C:\Program Files (x86)\Steam\Steam.exe
2026-10-08 02:58:00,309 [INFO] Процесс steam.exe завершён (terminate)
2026-10-08 02:58:00,309 [INFO] Завершено процессов: 1 (Steam)
2026-10-08 02:58:57,674 [INFO] quit_app
2026-10-08 03:02:14,175 [INFO] Бэкап создан: F:\MyLauncher\backups\apps_2026-10-08_03-02-14.json
2026-10-08 03:02:14,626 [INFO] resolve_target: Steam.lnk -> C:\Program Files (x86)\Steam\Steam.exe
2026-10-08 03:02:54,950 [INFO] Процесс steam.exe завершён (terminate)
2026-10-08 03:02:54,950 [INFO] Завершено процессов: 1 (Steam)
2026-10-08 03:05:23,608 [INFO] Бэкап создан: F:\MyLauncher\backups\apps_2026-10-08_03-05-23.json
2026-10-08 03:05:23,956 [INFO] resolve_target: Steam.lnk -> C:\Program Files (x86)\Steam\Steam.exe
2026-10-08 03:08:39,894 [INFO] Бэкап создан: F:\MyLauncher\backups\apps_2026-10-08_03-08-39.json
2026-10-08 03:08:40,306 [INFO] resolve_target: Steam.lnk -> C:\Program Files (x86)\Steam\Steam.exe
2026-10-08 03:10:52,508 [INFO] Бэкап создан: F:\MyLauncher\backups\apps_2026-10-08_03-10-52.json
2026-10-08 03:10:52,856 [INFO] resolve_target: Steam.lnk -> C:\Program Files (x86)\Steam\Steam.exe
2026-10-08 03:13:56,325 [INFO] Бэкап создан: F:\MyLauncher\backups\apps_2026-10-08_03-13-56.json
2026-10-08 03:13:56,731 [INFO] resolve_target: Steam.lnk -> C:\Program Files (x86)\Steam\Steam.exe
2026-10-08 03:20:47,164 [INFO] Бэкап создан: F:\MyLauncher\backups\apps_2026-10-08_03-20-47.json
2026-10-08 03:20:47,709 [INFO] resolve_target: Steam.lnk -> C:\Program Files (x86)\Steam\Steam.exe
2026-10-08 03:21:35,178 [INFO] Процесс steam.exe завершён (terminate)
2026-10-08 03:21:35,178 [INFO] Завершено процессов: 1 (Steam)
2026-10-08 03:28:25,574 [INFO] Бэкап создан: F:\MyLauncher\backups\apps_2026-10-08_03-28-25.json
2026-10-08 03:28:25,575 [INFO] tile scale: tile=100% icon=100% → 200×235
2026-10-08 03:28:25,814 [INFO] tile scale: tile=100% icon=100% → 200×235
2026-10-08 03:30:06,056 [INFO] Бэкап создан: F:\MyLauncher\backups\apps_2026-10-08_03-30-06.json
2026-10-08 03:30:06,057 [INFO] tile scale: tile=100% icon=100% → 200×235
2026-10-08 03:30:06,169 [INFO] tile scale: tile=100% icon=100% → 200×235
2026-10-08 03:30:06,522 [INFO] resolve_target: Steam.lnk -> C:\Program Files (x86)\Steam\Steam.exe
2026-10-08 03:30:26,598 [INFO] tile scale: tile=100% icon=100% → 200×235
2026-10-08 04:04:09,117 [INFO] Бэкап создан: F:\MyLauncher\backups\apps_2026-10-08_04-04-09.json
2026-10-08 04:04:09,117 [INFO] tile scale: tile=100% icon=100% → 200×235
2026-10-08 04:04:09,295 [INFO] tile scale: tile=100% icon=100% → 200×235
2026-10-08 04:04:09,659 [INFO] resolve_target: Steam.lnk -> C:\Program Files (x86)\Steam\Steam.exe
2026-10-08 04:13:23,481 [INFO] Бэкап создан: F:\MyLauncher\backups\apps_2026-10-08_04-13-23.json
2026-10-08 04:13:23,482 [INFO] tile scale: tile=100% icon=100% → 200×235
2026-10-08 04:13:23,699 [INFO] tile scale: tile=100% icon=100% → 200×235
2026-10-08 04:13:24,052 [INFO] resolve_target: Steam.lnk -> C:\Program Files (x86)\Steam\Steam.exe
2026-10-08 04:14:08,782 [INFO] tile scale: tile=100% icon=100% → 200×235
2026-10-08 04:14:31,846 [INFO] Процесс steam.exe завершён (terminate)
2026-10-08 04:14:31,846 [INFO] Завершено процессов: 1 (Steam)
2026-10-08 04:23:47,874 [INFO] Бэкап создан: F:\MyLauncher\backups\apps_2026-10-08_04-23-47.json
2026-10-08 04:23:47,874 [INFO] tile scale: tile=100% icon=100% → 200×235
2026-10-08 04:23:48,048 [INFO] tile scale: tile=100% icon=100% → 200×235
2026-10-08 04:23:48,401 [INFO] resolve_target: Steam.lnk -> C:\Program Files (x86)\Steam\Steam.exe
2026-10-08 04:24:15,341 [INFO] tile scale: tile=100% icon=100% → 200×235
2026-10-08 04:24:32,815 [INFO] quit_app
2026-10-08 04:32:50,623 [INFO] Бэкап создан: F:\MyLauncher\backups\apps_2026-10-08_04-32-50.json
2026-10-08 04:32:50,623 [INFO] tile scale: tile=100% icon=100% → 200×235
2026-10-08 04:32:50,868 [INFO] tile scale: tile=100% icon=100% → 200×235
2026-10-08 04:32:51,229 [INFO] resolve_target: Steam.lnk -> C:\Program Files (x86)\Steam\Steam.exe
2026-10-08 04:33:26,849 [INFO] Процесс steam.exe завершён (terminate)
2026-10-08 04:33:26,849 [INFO] Завершено процессов: 1 (Steam)
2026-10-08 04:34:04,470 [INFO] Кэш иконок очищен
2026-10-08 04:40:13,757 [INFO] Бэкап создан: F:\MyLauncher\backups\apps_2026-10-08_04-40-13.json
2026-10-08 04:40:13,757 [INFO] tile scale: tile=100% icon=100% → 200×235
2026-10-08 04:40:13,907 [INFO] tile scale: tile=100% icon=100% → 200×235
2026-10-08 04:40:14,267 [INFO] resolve_target: Steam.lnk -> C:\Program Files (x86)\Steam\Steam.exe
2026-10-08 04:40:37,186 [INFO] tile scale: tile=100% icon=100% → 200×235
2026-10-08 04:42:39,837 [INFO] tile scale: tile=100% icon=100% → 200×235
2026-10-08 04:42:45,122 [INFO] tile scale: tile=100% icon=100% → 200×235
2026-10-08 04:51:11,369 [INFO] Меню Пуск: найдено 122 ярлыков
2026-10-08 04:51:11,369 [INFO] Рабочий стол: найдено 4 ярлыков
2026-10-08 04:51:11,370 [INFO] Steam: найдено 5 игр
2026-10-08 04:52:14,755 [INFO] tile scale: tile=100% icon=100% → 200×235
2026-10-08 04:52:19,195 [INFO] tile scale: tile=100% icon=100% → 200×235
2026-10-08 04:54:45,244 [INFO] Процесс steam.exe завершён (terminate)
2026-10-08 04:54:45,244 [INFO] Завершено процессов: 1 (Steam)
2026-10-08 05:05:48,073 [INFO] tile scale: tile=100% icon=100% → 200×235
2026-10-08 05:07:06,517 [INFO] tile scale: tile=100% icon=100% → 200×235
2026-10-08 05:07:22,600 [INFO] tile scale: tile=100% icon=100% → 200×235
2026-10-08 05:07:30,650 [INFO] tile scale: tile=100% icon=100% → 200×235
2026-10-08 05:31:08,453 [INFO] Бэкап создан: F:\MyLauncher\backups\apps_2026-10-08_05-31-08.json
2026-10-08 05:31:08,464 [INFO] Сгенерирован звук: launch.wav
2026-10-08 05:31:08,466 [INFO] Сгенерирован звук: close.wav
2026-10-08 05:31:08,467 [INFO] Сгенерирован звук: success.wav
2026-10-08 05:31:08,469 [INFO] Сгенерирован звук: error.wav
2026-10-08 05:31:08,470 [INFO] Сгенерирован звук: notify.wav
2026-10-08 05:31:08,471 [INFO] Сгенерирован звук: click.wav
2026-10-08 05:31:08,472 [INFO] Сгенерирован звук: toggle.wav
2026-10-08 05:31:08,491 [INFO] Звуки инициализированы: 7 шт.
2026-10-08 05:31:08,491 [INFO] tile scale: tile=100% icon=100% → 200×235
2026-10-08 05:31:08,705 [INFO] tile scale: tile=100% icon=100% → 200×235
2026-10-08 05:31:09,087 [INFO] resolve_target: Steam.lnk -> C:\Program Files (x86)\Steam\Steam.exe
2026-10-08 05:31:28,231 [INFO] Процесс steam.exe завершён (terminate)
2026-10-08 05:31:28,231 [INFO] Завершено процессов: 1 (Steam)
2026-10-08 05:32:12,367 [INFO] tile scale: tile=100% icon=100% → 200×235
2026-10-08 05:36:44,226 [INFO] generated new fontManager
2026-10-08 05:36:44,456 [INFO] Бэкап создан: F:\MyLauncher\backups\apps_2026-10-08_05-36-44.json
2026-10-08 05:36:44,468 [INFO] Звуки инициализированы: 7 шт.
2026-10-08 05:36:44,468 [INFO] tile scale: tile=100% icon=100% → 200×235
2026-10-08 05:36:44,623 [INFO] tile scale: tile=100% icon=100% → 200×235
2026-10-08 05:36:44,975 [INFO] resolve_target: Steam.lnk -> C:\Program Files (x86)\Steam\Steam.exe
2026-10-08 05:37:10,987 [INFO] tile scale: tile=100% icon=100% → 200×235
2026-10-08 05:43:28,701 [INFO] Бэкап создан: F:\MyLauncher\backups\apps_2026-10-08_05-43-28.json
2026-10-08 05:43:28,713 [INFO] Звуки инициализированы: 7 шт.
2026-10-08 05:43:28,713 [INFO] tile scale: tile=100% icon=100% → 200×235
2026-10-08 05:43:28,913 [INFO] tile scale: tile=100% icon=100% → 200×235
2026-10-08 05:43:29,265 [INFO] resolve_target: Steam.lnk -> C:\Program Files (x86)\Steam\Steam.exe
2026-10-08 05:43:55,803 [INFO] Процесс steam.exe завершён (terminate)
2026-10-08 05:43:55,803 [INFO] Завершено процессов: 1 (Steam)
2026-10-08 05:44:11,318 [INFO] tile scale: tile=100% icon=100% → 200×235
2026-10-08 05:49:38,283 [INFO] Бэкап создан: F:\MyLauncher\backups\apps_2026-10-08_05-49-38.json
2026-10-08 05:49:38,294 [INFO] Звуки инициализированы: 7 шт.
2026-10-08 05:49:38,295 [INFO] tile scale: tile=100% icon=100% → 200×235
2026-10-08 05:49:38,501 [INFO] tile scale: tile=100% icon=100% → 200×235
2026-10-08 05:49:38,851 [INFO] resolve_target: Steam.lnk -> C:\Program Files (x86)\Steam\Steam.exe
2026-10-08 05:51:12,474 [INFO] tile scale: tile=100% icon=100% → 200×235
2026-10-08 05:52:15,479 [INFO] tile scale: tile=100% icon=100% → 200×235
2026-10-08 05:53:05,908 [INFO] Бэкап создан: F:\MyLauncher\backups\apps_2026-10-08_05-53-05.json
2026-10-08 05:53:05,921 [INFO] Звуки инициализированы: 7 шт.
2026-10-08 05:53:05,921 [INFO] tile scale: tile=100% icon=100% → 200×235
2026-10-08 05:53:06,137 [INFO] tile scale: tile=100% icon=100% → 200×235
2026-10-08 05:53:06,481 [INFO] resolve_target: Steam.lnk -> C:\Program Files (x86)\Steam\Steam.exe
2026-10-08 05:53:38,657 [INFO] Бэкап создан: F:\MyLauncher\backups\apps_2026-10-08_05-53-38.json
2026-10-08 05:53:38,668 [INFO] Звуки инициализированы: 7 шт.
2026-10-08 05:53:38,669 [INFO] tile scale: tile=100% icon=100% → 200×235
2026-10-08 05:53:38,768 [INFO] tile scale: tile=100% icon=100% → 200×235
2026-10-08 05:53:39,115 [INFO] resolve_target: Steam.lnk -> C:\Program Files (x86)\Steam\Steam.exe
2026-10-08 05:54:50,762 [INFO] Процесс steam.exe завершён (terminate)
2026-10-08 05:55:50,964 [INFO] quit_app
2026-10-08 06:22:14,797 [INFO] Бэкап создан: F:\MyLauncher\backups\apps_2026-10-08_06-22-14.json
2026-10-08 06:22:14,809 [INFO] Звуки инициализированы: 7 шт.
2026-10-08 06:22:14,809 [INFO] tile scale: tile=100% icon=100% → 200×235
2026-10-08 06:22:15,014 [INFO] tile scale: tile=100% icon=100% → 200×235
2026-10-08 06:22:15,361 [INFO] resolve_target: Steam.lnk -> C:\Program Files (x86)\Steam\Steam.exe
2026-10-08 06:22:33,109 [INFO] tile scale: tile=100% icon=100% → 200×235
2026-10-08 06:27:18,913 [INFO] Бэкап создан: F:\MyLauncher\backups\apps_2026-10-08_06-27-18.json
2026-10-08 06:27:18,929 [INFO] Звуки инициализированы: 7 шт.
2026-10-08 06:27:18,930 [INFO] tile scale: tile=100% icon=100% → 200×235
2026-10-08 06:27:19,131 [INFO] tile scale: tile=100% icon=100% → 200×235
2026-10-08 06:27:19,476 [INFO] resolve_target: Steam.lnk -> C:\Program Files (x86)\Steam\Steam.exe
2026-10-08 06:27:19,549 [INFO] Создан пример плагина: _template.py
2026-10-08 06:27:19,549 [INFO] Создан пример плагина: hello_plugin.py
2026-10-08 06:27:19,550 [INFO] Создан пример плагина: day_greeting.py
2026-10-08 06:27:19,550 [INFO] Создан пример плагина: session_stats.py
2026-10-08 06:27:19,551 [ERROR] Плагин day_greeting.py: ошибка импорта: (unicode error) 'unicodeescape' codec can't decode bytes in position 103-104: truncated \uXXXX escape (day_greeting.py, line 19)
2026-10-08 06:27:19,552 [ERROR] Плагин hello_plugin.py: ошибка импорта: (unicode error) 'unicodeescape' codec can't decode bytes in position 0-1: truncated \uXXXX escape (hello_plugin.py, line 21)
2026-10-08 06:27:19,553 [ERROR] Плагин session_stats.py: ошибка импорта: (unicode error) 'unicodeescape' codec can't decode bytes in position 0-1: truncated \uXXXX escape (session_stats.py, line 35)
2026-10-08 06:29:35,946 [INFO] Меню Пуск: найдено 122 ярлыков
2026-10-08 06:29:35,946 [INFO] Рабочий стол: найдено 4 ярлыков
2026-10-08 06:29:35,948 [INFO] Steam: найдено 5 игр
2026-10-08 06:31:03,020 [INFO] tile scale: tile=100% icon=100% → 200×235
2026-10-08 06:31:08,847 [INFO] tile scale: tile=100% icon=100% → 200×235
2026-10-08 06:31:31,496 [INFO] tile scale: tile=100% icon=100% → 200×235
2026-10-08 06:31:40,981 [INFO] tile scale: tile=100% icon=100% → 200×235
2026-10-08 06:32:11,713 [INFO] Процесс steam.exe завершён (terminate)
2026-10-08 06:32:11,713 [INFO] Завершено процессов: 1 (Steam)
2026-10-08 06:34:32,584 [INFO] tile scale: tile=100% icon=100% → 200×235
2026-10-08 06:34:49,692 [INFO] Заметка для Steam: 'кпк'
2026-10-08 06:35:03,199 [INFO] Заметка для Steam: ''
2026-10-08 06:36:34,070 [INFO] Открываю поиск steam: Dota
2026-10-08 06:36:49,615 [INFO] Открываю поиск google: Dota
2026-10-08 06:36:57,221 [INFO] Открываю поиск youtube: Dota
2026-10-08 06:38:27,363 [INFO] tile scale: tile=100% icon=100% → 200×235
2026-10-08 06:38:36,824 [INFO] tile scale: tile=100% icon=100% → 200×235
2026-10-08 06:38:50,753 [INFO] quit_app
2026-10-08 06:58:13,549 [INFO] Бэкап создан: F:\MyLauncher\backups\apps_2026-10-08_06-58-13.json
2026-10-08 06:58:13,562 [INFO] Звуки инициализированы: 7 шт.
2026-10-08 06:58:13,563 [INFO] Голосовые фразы: 7 шт.
2026-10-08 06:58:13,563 [INFO] tile scale: tile=100% icon=100% → 200×235
2026-10-08 06:58:13,789 [INFO] tile scale: tile=100% icon=100% → 200×235
2026-10-08 06:58:14,153 [INFO] resolve_target: Steam.lnk -> C:\Program Files (x86)\Steam\Steam.exe
2026-10-08 06:58:14,233 [ERROR] Плагин day_greeting.py: ошибка импорта: (unicode error) 'unicodeescape' codec can't decode bytes in position 103-104: truncated \uXXXX escape (day_greeting.py, line 19)
2026-10-08 06:58:14,234 [ERROR] Плагин hello_plugin.py: ошибка импорта: (unicode error) 'unicodeescape' codec can't decode bytes in position 0-1: truncated \uXXXX escape (hello_plugin.py, line 21)
2026-10-08 06:58:14,235 [ERROR] Плагин session_stats.py: ошибка импорта: (unicode error) 'unicodeescape' codec can't decode bytes in position 0-1: truncated \uXXXX escape (session_stats.py, line 35)
2026-10-08 06:58:29,789 [INFO] Процесс steam.exe завершён (terminate)
2026-10-08 06:58:29,789 [INFO] Завершено процессов: 1 (Steam)
2026-10-08 06:58:50,072 [INFO] Голосовые фразы: 7 шт.
2026-10-08 06:58:50,072 [INFO] tile scale: tile=100% icon=100% → 200×235
2026-10-08 06:59:08,366 [INFO] Процесс steam.exe завершён (terminate)
2026-10-08 06:59:08,366 [INFO] Завершено процессов: 1 (Steam)
2026-10-08 07:18:02,361 [INFO] Бэкап создан: F:\MyLauncher\backups\apps_2026-10-08_07-18-02.json
2026-10-08 07:18:02,375 [INFO] Звуки инициализированы: 7 шт.
2026-10-08 07:18:02,376 [INFO] Голосовые фразы: 7 шт.
2026-10-08 07:18:02,377 [INFO] tile scale: tile=100% icon=100% → 200×235
2026-10-08 07:18:02,711 [INFO] tile scale: tile=100% icon=100% → 200×235
2026-10-08 07:18:03,081 [INFO] resolve_target: Steam.lnk -> C:\Program Files (x86)\Steam\Steam.exe
2026-10-08 07:18:03,162 [ERROR] Плагин day_greeting.py: ошибка импорта: (unicode error) 'unicodeescape' codec can't decode bytes in position 103-104: truncated \uXXXX escape (day_greeting.py, line 19)
2026-10-08 07:18:03,163 [ERROR] Плагин hello_plugin.py: ошибка импорта: (unicode error) 'unicodeescape' codec can't decode bytes in position 0-1: truncated \uXXXX escape (hello_plugin.py, line 21)
2026-10-08 07:18:03,164 [ERROR] Плагин session_stats.py: ошибка импорта: (unicode error) 'unicodeescape' codec can't decode bytes in position 0-1: truncated \uXXXX escape (session_stats.py, line 35)
2026-10-08 07:18:27,300 [INFO] Голосовые фразы: 7 шт.
2026-10-08 07:18:27,300 [INFO] tile scale: tile=100% icon=100% → 200×235
2026-10-08 07:18:31,316 [INFO] Голосовые фразы: 7 шт.
2026-10-08 07:18:31,316 [INFO] tile scale: tile=100% icon=100% → 200×235
2026-10-08 07:18:45,768 [INFO] Процесс steam.exe завершён (terminate)
2026-10-08 07:18:45,768 [INFO] Завершено процессов: 1 (Steam)
2026-10-08 07:18:52,950 [INFO] quit_app
2026-10-08 07:32:47,534 [INFO] Бэкап создан: F:\MyLauncher\backups\apps_2026-10-08_07-32-47.json
2026-10-08 07:32:47,547 [INFO] Звуки инициализированы: 7 шт.
2026-10-08 07:32:47,547 [INFO] Голосовые фразы: 7 шт.
2026-10-08 07:32:47,548 [INFO] tile scale: tile=100% icon=100% → 200×235
2026-10-08 07:32:47,722 [INFO] tile scale: tile=100% icon=100% → 200×235
2026-10-08 07:32:48,063 [INFO] resolve_target: Steam.lnk -> C:\Program Files (x86)\Steam\Steam.exe
2026-10-08 07:32:48,147 [ERROR] Плагин day_greeting.py: ошибка импорта: (unicode error) 'unicodeescape' codec can't decode bytes in position 103-104: truncated \uXXXX escape (day_greeting.py, line 19)
2026-10-08 07:32:48,148 [ERROR] Плагин hello_plugin.py: ошибка импорта: (unicode error) 'unicodeescape' codec can't decode bytes in position 0-1: truncated \uXXXX escape (hello_plugin.py, line 21)
2026-10-08 07:32:48,149 [ERROR] Плагин session_stats.py: ошибка импорта: (unicode error) 'unicodeescape' codec can't decode bytes in position 0-1: truncated \uXXXX escape (session_stats.py, line 35)
2026-10-08 07:33:09,761 [INFO] Голосовые фразы: 7 шт.
2026-10-08 07:33:09,761 [INFO] tile scale: tile=100% icon=100% → 200×235
2026-10-08 07:33:27,384 [INFO] Голосовые фразы: 7 шт.
2026-10-08 07:33:27,384 [INFO] tile scale: tile=100% icon=100% → 200×235
2026-10-08 07:33:41,026 [INFO] Процесс steam.exe завершён (terminate)
2026-10-08 07:33:41,026 [INFO] Завершено процессов: 1 (Steam)
2026-10-08 07:33:44,375 [INFO] quit_app
2026-10-08 07:33:52,698 [INFO] Бэкап создан: F:\MyLauncher\backups\apps_2026-10-08_07-33-52.json
2026-10-08 07:33:52,709 [INFO] Звуки инициализированы: 7 шт.
2026-10-08 07:33:52,710 [INFO] Голосовые фразы: 7 шт.
2026-10-08 07:33:52,710 [INFO] tile scale: tile=100% icon=100% → 200×235
2026-10-08 07:33:52,928 [INFO] tile scale: tile=100% icon=100% → 200×235
2026-10-08 07:33:53,273 [INFO] resolve_target: Steam.lnk -> C:\Program Files (x86)\Steam\Steam.exe
2026-10-08 07:33:53,358 [ERROR] Плагин day_greeting.py: ошибка импорта: (unicode error) 'unicodeescape' codec can't decode bytes in position 103-104: truncated \uXXXX escape (day_greeting.py, line 19)
2026-10-08 07:33:53,359 [ERROR] Плагин hello_plugin.py: ошибка импорта: (unicode error) 'unicodeescape' codec can't decode bytes in position 0-1: truncated \uXXXX escape (hello_plugin.py, line 21)
2026-10-08 07:33:53,360 [ERROR] Плагин session_stats.py: ошибка импорта: (unicode error) 'unicodeescape' codec can't decode bytes in position 0-1: truncated \uXXXX escape (session_stats.py, line 35)
2026-10-08 07:34:12,682 [INFO] Голосовые фразы: 7 шт.
2026-10-08 07:34:12,682 [INFO] tile scale: tile=100% icon=100% → 200×235
2026-10-08 07:34:29,735 [INFO] Голосовые фразы: 7 шт.
2026-10-08 07:34:29,735 [INFO] tile scale: tile=100% icon=100% → 200×235
2026-10-08 07:34:46,112 [INFO] quit_app
2026-10-08 07:41:00,380 [INFO] Бэкап создан: F:\MyLauncher\backups\apps_2026-10-08_07-41-00.json
2026-10-08 07:41:00,392 [INFO] Звуки инициализированы: 7 шт.
2026-10-08 07:41:00,392 [INFO] Голосовые фразы: 7 шт.
2026-10-08 07:41:00,392 [INFO] tile scale: tile=100% icon=100% → 200×235
2026-10-08 07:41:00,552 [INFO] tile scale: tile=100% icon=100% → 200×235
2026-10-08 07:41:00,898 [INFO] resolve_target: Steam.lnk -> C:\Program Files (x86)\Steam\Steam.exe
2026-10-08 07:41:00,977 [ERROR] Плагин day_greeting.py: ошибка импорта: (unicode error) 'unicodeescape' codec can't decode bytes in position 103-104: truncated \uXXXX escape (day_greeting.py, line 19)
2026-10-08 07:41:00,978 [ERROR] Плагин hello_plugin.py: ошибка импорта: (unicode error) 'unicodeescape' codec can't decode bytes in position 0-1: truncated \uXXXX escape (hello_plugin.py, line 21)
2026-10-08 07:41:00,978 [ERROR] Плагин session_stats.py: ошибка импорта: (unicode error) 'unicodeescape' codec can't decode bytes in position 0-1: truncated \uXXXX escape (session_stats.py, line 35)
2026-10-08 07:41:10,223 [INFO] Голосовые фразы: 7 шт.
2026-10-08 07:41:10,223 [INFO] tile scale: tile=100% icon=100% → 200×235
2026-10-08 07:45:42,753 [INFO] Бэкап создан: F:\MyLauncher\backups\apps_2026-10-08_07-45-42.json
2026-10-08 07:45:42,765 [INFO] Звуки инициализированы: 7 шт.
2026-10-08 07:45:42,766 [INFO] Голосовые фразы: 7 шт.
2026-10-08 07:45:42,766 [INFO] tile scale: tile=100% icon=100% → 200×235
2026-10-08 07:45:42,971 [INFO] tile scale: tile=100% icon=100% → 200×235
2026-10-08 07:45:43,308 [INFO] resolve_target: Steam.lnk -> C:\Program Files (x86)\Steam\Steam.exe
2026-10-08 07:45:43,386 [ERROR] Плагин day_greeting.py: ошибка импорта: (unicode error) 'unicodeescape' codec can't decode bytes in position 103-104: truncated \uXXXX escape (day_greeting.py, line 19)
2026-10-08 07:45:43,386 [ERROR] Плагин hello_plugin.py: ошибка импорта: (unicode error) 'unicodeescape' codec can't decode bytes in position 0-1: truncated \uXXXX escape (hello_plugin.py, line 21)
2026-10-08 07:45:43,388 [ERROR] Плагин session_stats.py: ошибка импорта: (unicode error) 'unicodeescape' codec can't decode bytes in position 0-1: truncated \uXXXX escape (session_stats.py, line 35)
2026-10-08 07:46:03,436 [INFO] Процесс steam.exe завершён (terminate)
2026-10-08 07:46:03,436 [INFO] Завершено процессов: 1 (Steam)
2026-10-08 07:47:18,600 [INFO] Голосовые фразы: 7 шт.
2026-10-08 07:47:18,600 [INFO] tile scale: tile=100% icon=100% → 200×235
2026-10-08 07:47:26,828 [INFO] Бэкап создан: F:\MyLauncher\backups\apps_2026-10-08_07-47-26.json
2026-10-08 07:47:26,839 [INFO] Звуки инициализированы: 7 шт.
2026-10-08 07:47:26,839 [INFO] Голосовые фразы: 7 шт.
2026-10-08 07:47:26,840 [INFO] tile scale: tile=100% icon=100% → 200×235
2026-10-08 07:47:26,973 [INFO] tile scale: tile=100% icon=100% → 200×235
2026-10-08 07:47:27,323 [INFO] resolve_target: Steam.lnk -> C:\Program Files (x86)\Steam\Steam.exe
2026-10-08 07:47:27,406 [ERROR] Плагин day_greeting.py: ошибка импорта: (unicode error) 'unicodeescape' codec can't decode bytes in position 103-104: truncated \uXXXX escape (day_greeting.py, line 19)
2026-10-08 07:47:27,407 [ERROR] Плагин hello_plugin.py: ошибка импорта: (unicode error) 'unicodeescape' codec can't decode bytes in position 0-1: truncated \uXXXX escape (hello_plugin.py, line 21)
2026-10-08 07:47:27,408 [ERROR] Плагин session_stats.py: ошибка импорта: (unicode error) 'unicodeescape' codec can't decode bytes in position 0-1: truncated \uXXXX escape (session_stats.py, line 35)
2026-10-08 07:47:40,416 [INFO] Голосовые фразы: 7 шт.
2026-10-08 07:47:40,416 [INFO] tile scale: tile=100% icon=100% → 200×235
2026-10-08 07:59:36,742 [INFO] Бэкап создан: F:\MyLauncher\backups\apps_2026-10-08_07-59-36.json
2026-10-08 07:59:36,753 [INFO] Звуки инициализированы: 7 шт.
2026-10-08 07:59:36,754 [INFO] Голосовые фразы: 7 шт.
2026-10-08 07:59:36,754 [INFO] tile scale: tile=100% icon=100% → 200×235
2026-10-08 07:59:36,964 [INFO] tile scale: tile=100% icon=100% → 200×235
2026-10-08 07:59:37,311 [INFO] resolve_target: Steam.lnk -> C:\Program Files (x86)\Steam\Steam.exe
2026-10-08 07:59:37,387 [ERROR] Плагин day_greeting.py: ошибка импорта: (unicode error) 'unicodeescape' codec can't decode bytes in position 103-104: truncated \uXXXX escape (day_greeting.py, line 19)
2026-10-08 07:59:37,389 [ERROR] Плагин hello_plugin.py: ошибка импорта: (unicode error) 'unicodeescape' codec can't decode bytes in position 0-1: truncated \uXXXX escape (hello_plugin.py, line 21)
2026-10-08 07:59:37,390 [ERROR] Плагин session_stats.py: ошибка импорта: (unicode error) 'unicodeescape' codec can't decode bytes in position 0-1: truncated \uXXXX escape (session_stats.py, line 35)
2026-10-08 08:00:15,247 [INFO] Голосовые фразы: 7 шт.
2026-10-08 08:00:15,247 [INFO] tile scale: tile=100% icon=100% → 200×235
2026-10-08 08:00:19,196 [INFO] Голосовые фразы: 7 шт.
2026-10-08 08:00:19,196 [INFO] tile scale: tile=100% icon=100% → 200×235
2026-10-08 08:00:36,762 [INFO] Процесс steam.exe завершён (terminate)
2026-10-08 08:00:36,762 [INFO] Завершено процессов: 1 (Steam)
2026-10-08 08:00:59,262 [INFO] quit_app
2026-10-08 08:16:00,398 [INFO] Бэкап создан: F:\MyLauncher\backups\apps_2026-10-08_08-16-00.json
2026-10-08 08:16:00,410 [INFO] Звуки инициализированы: 7 шт.
2026-10-08 08:16:00,411 [INFO] Голосовые фразы: 7 шт.
2026-10-08 08:16:00,411 [INFO] tile scale: tile=100% icon=100% → 200×235
2026-10-08 08:16:00,602 [INFO] tile scale: tile=100% icon=100% → 200×235
2026-10-08 08:16:00,953 [INFO] resolve_target: Steam.lnk -> C:\Program Files (x86)\Steam\Steam.exe
2026-10-08 08:16:01,045 [ERROR] generate_cover error: 'PySide6.QtGui.QPixmap.scaled' called with wrong argument values:
  PySide6.QtGui.QPixmap.scaled(256, 256)
Found signature:
  PySide6.QtGui.QPixmap.scaled(w: int, h: int, /, aspectMode: PySide6.QtCore.Qt.AspectRatioMode = Instance(Qt.IgnoreAspectRatio), mode: PySide6.QtCore.Qt.TransformationMode = Instance(Qt.FastTransformation))
2026-10-08 08:16:01,071 [ERROR] Плагин day_greeting.py: ошибка импорта: (unicode error) 'unicodeescape' codec can't decode bytes in position 103-104: truncated \uXXXX escape (day_greeting.py, line 19)
2026-10-08 08:16:01,072 [ERROR] Плагин hello_plugin.py: ошибка импорта: (unicode error) 'unicodeescape' codec can't decode bytes in position 0-1: truncated \uXXXX escape (hello_plugin.py, line 21)
2026-10-08 08:16:01,073 [ERROR] Плагин session_stats.py: ошибка импорта: (unicode error) 'unicodeescape' codec can't decode bytes in position 0-1: truncated \uXXXX escape (session_stats.py, line 35)
2026-10-08 08:16:25,860 [INFO] Голосовые фразы: 7 шт.
2026-10-08 08:16:25,860 [INFO] tile scale: tile=100% icon=100% → 200×235
2026-10-08 08:16:25,887 [ERROR] generate_cover error: 'PySide6.QtGui.QPixmap.scaled' called with wrong argument values:
  PySide6.QtGui.QPixmap.scaled(256, 256)
Found signature:
  PySide6.QtGui.QPixmap.scaled(w: int, h: int, /, aspectMode: PySide6.QtCore.Qt.AspectRatioMode = Instance(Qt.IgnoreAspectRatio), mode: PySide6.QtCore.Qt.TransformationMode = Instance(Qt.FastTransformation))
2026-10-08 08:16:50,388 [ERROR] generate_cover error: 'PySide6.QtGui.QPixmap.scaled' called with wrong argument values:
  PySide6.QtGui.QPixmap.scaled(256, 256)
Found signature:
  PySide6.QtGui.QPixmap.scaled(w: int, h: int, /, aspectMode: PySide6.QtCore.Qt.AspectRatioMode = Instance(Qt.IgnoreAspectRatio), mode: PySide6.QtCore.Qt.TransformationMode = Instance(Qt.FastTransformation))
2026-10-08 08:16:52,392 [ERROR] generate_cover error: 'PySide6.QtGui.QPixmap.scaled' called with wrong argument values:
  PySide6.QtGui.QPixmap.scaled(256, 256)
Found signature:
  PySide6.QtGui.QPixmap.scaled(w: int, h: int, /, aspectMode: PySide6.QtCore.Qt.AspectRatioMode = Instance(Qt.IgnoreAspectRatio), mode: PySide6.QtCore.Qt.TransformationMode = Instance(Qt.FastTransformation))
2026-10-08 08:17:08,484 [INFO] Меню Пуск: найдено 122 ярлыков
2026-10-08 08:17:08,484 [INFO] Рабочий стол: найдено 4 ярлыков
2026-10-08 08:17:08,486 [INFO] Steam: найдено 5 игр
2026-10-08 08:17:16,129 [ERROR] generate_cover error: 'PySide6.QtGui.QPixmap.scaled' called with wrong argument values:
  PySide6.QtGui.QPixmap.scaled(256, 256)
Found signature:
  PySide6.QtGui.QPixmap.scaled(w: int, h: int, /, aspectMode: PySide6.QtCore.Qt.AspectRatioMode = Instance(Qt.IgnoreAspectRatio), mode: PySide6.QtCore.Qt.TransformationMode = Instance(Qt.FastTransformation))
2026-10-08 08:17:16,130 [ERROR] generate_cover error: 'PySide6.QtGui.QPixmap.scaled' called with wrong argument values:
  PySide6.QtGui.QPixmap.scaled(256, 256)
Found signature:
  PySide6.QtGui.QPixmap.scaled(w: int, h: int, /, aspectMode: PySide6.QtCore.Qt.AspectRatioMode = Instance(Qt.IgnoreAspectRatio), mode: PySide6.QtCore.Qt.TransformationMode = Instance(Qt.FastTransformation))
2026-10-08 08:17:49,115 [ERROR] generate_cover error: 'PySide6.QtGui.QPixmap.scaled' called with wrong argument values:
  PySide6.QtGui.QPixmap.scaled(256, 256)
Found signature:
  PySide6.QtGui.QPixmap.scaled(w: int, h: int, /, aspectMode: PySide6.QtCore.Qt.AspectRatioMode = Instance(Qt.IgnoreAspectRatio), mode: PySide6.QtCore.Qt.TransformationMode = Instance(Qt.FastTransformation))
2026-10-08 08:17:49,115 [ERROR] generate_cover error: 'PySide6.QtGui.QPixmap.scaled' called with wrong argument values:
  PySide6.QtGui.QPixmap.scaled(256, 256)
Found signature:
  PySide6.QtGui.QPixmap.scaled(w: int, h: int, /, aspectMode: PySide6.QtCore.Qt.AspectRatioMode = Instance(Qt.IgnoreAspectRatio), mode: PySide6.QtCore.Qt.TransformationMode = Instance(Qt.FastTransformation))
2026-10-08 08:17:58,184 [ERROR] generate_cover error: 'PySide6.QtGui.QPixmap.scaled' called with wrong argument values:
  PySide6.QtGui.QPixmap.scaled(256, 256)
Found signature:
  PySide6.QtGui.QPixmap.scaled(w: int, h: int, /, aspectMode: PySide6.QtCore.Qt.AspectRatioMode = Instance(Qt.IgnoreAspectRatio), mode: PySide6.QtCore.Qt.TransformationMode = Instance(Qt.FastTransformation))
2026-10-08 08:17:58,185 [ERROR] generate_cover error: 'PySide6.QtGui.QPixmap.scaled' called with wrong argument values:
  PySide6.QtGui.QPixmap.scaled(256, 256)
Found signature:
  PySide6.QtGui.QPixmap.scaled(w: int, h: int, /, aspectMode: PySide6.QtCore.Qt.AspectRatioMode = Instance(Qt.IgnoreAspectRatio), mode: PySide6.QtCore.Qt.TransformationMode = Instance(Qt.FastTransformation))
2026-10-08 08:18:00,212 [ERROR] generate_cover error: 'PySide6.QtGui.QPixmap.scaled' called with wrong argument values:
  PySide6.QtGui.QPixmap.scaled(256, 256)
Found signature:
  PySide6.QtGui.QPixmap.scaled(w: int, h: int, /, aspectMode: PySide6.QtCore.Qt.AspectRatioMode = Instance(Qt.IgnoreAspectRatio), mode: PySide6.QtCore.Qt.TransformationMode = Instance(Qt.FastTransformation))
2026-10-08 08:18:00,212 [ERROR] generate_cover error: 'PySide6.QtGui.QPixmap.scaled' called with wrong argument values:
  PySide6.QtGui.QPixmap.scaled(256, 256)
Found signature:
  PySide6.QtGui.QPixmap.scaled(w: int, h: int, /, aspectMode: PySide6.QtCore.Qt.AspectRatioMode = Instance(Qt.IgnoreAspectRatio), mode: PySide6.QtCore.Qt.TransformationMode = Instance(Qt.FastTransformation))
2026-10-08 08:18:19,961 [INFO] resolve_target: Steam.lnk -> C:\Program Files (x86)\Steam\Steam.exe
2026-10-08 08:18:19,963 [ERROR] generate_cover error: 'PySide6.QtGui.QPixmap.scaled' called with wrong argument values:
  PySide6.QtGui.QPixmap.scaled(256, 256)
Found signature:
  PySide6.QtGui.QPixmap.scaled(w: int, h: int, /, aspectMode: PySide6.QtCore.Qt.AspectRatioMode = Instance(Qt.IgnoreAspectRatio), mode: PySide6.QtCore.Qt.TransformationMode = Instance(Qt.FastTransformation))
2026-10-08 08:18:43,744 [INFO] Процесс steam.exe завершён (terminate)
2026-10-08 08:18:43,744 [INFO] Завершено процессов: 1 (Steam)
2026-10-08 08:18:44,050 [ERROR] generate_cover error: 'PySide6.QtGui.QPixmap.scaled' called with wrong argument values:
  PySide6.QtGui.QPixmap.scaled(256, 256)
Found signature:
  PySide6.QtGui.QPixmap.scaled(w: int, h: int, /, aspectMode: PySide6.QtCore.Qt.AspectRatioMode = Instance(Qt.IgnoreAspectRatio), mode: PySide6.QtCore.Qt.TransformationMode = Instance(Qt.FastTransformation))
2026-10-08 08:20:04,582 [INFO] Меню Пуск: найдено 122 ярлыков
2026-10-08 08:20:04,582 [INFO] Рабочий стол: найдено 4 ярлыков
2026-10-08 08:20:04,583 [INFO] Steam: найдено 5 игр
2026-10-08 08:20:12,456 [ERROR] generate_cover error: 'PySide6.QtGui.QPixmap.scaled' called with wrong argument values:
  PySide6.QtGui.QPixmap.scaled(256, 256)
Found signature:
  PySide6.QtGui.QPixmap.scaled(w: int, h: int, /, aspectMode: PySide6.QtCore.Qt.AspectRatioMode = Instance(Qt.IgnoreAspectRatio), mode: PySide6.QtCore.Qt.TransformationMode = Instance(Qt.FastTransformation))
2026-10-08 08:20:12,457 [ERROR] generate_cover error: 'PySide6.QtGui.QPixmap.scaled' called with wrong argument values:
  PySide6.QtGui.QPixmap.scaled(256, 256)
Found signature:
  PySide6.QtGui.QPixmap.scaled(w: int, h: int, /, aspectMode: PySide6.QtCore.Qt.AspectRatioMode = Instance(Qt.IgnoreAspectRatio), mode: PySide6.QtCore.Qt.TransformationMode = Instance(Qt.FastTransformation))
2026-10-08 08:20:41,839 [ERROR] generate_cover error: 'PySide6.QtGui.QPixmap.scaled' called with wrong argument values:
  PySide6.QtGui.QPixmap.scaled(256, 256)
Found signature:
  PySide6.QtGui.QPixmap.scaled(w: int, h: int, /, aspectMode: PySide6.QtCore.Qt.AspectRatioMode = Instance(Qt.IgnoreAspectRatio), mode: PySide6.QtCore.Qt.TransformationMode = Instance(Qt.FastTransformation))
2026-10-08 08:20:41,840 [ERROR] generate_cover error: 'PySide6.QtGui.QPixmap.scaled' called with wrong argument values:
  PySide6.QtGui.QPixmap.scaled(256, 256)
Found signature:
  PySide6.QtGui.QPixmap.scaled(w: int, h: int, /, aspectMode: PySide6.QtCore.Qt.AspectRatioMode = Instance(Qt.IgnoreAspectRatio), mode: PySide6.QtCore.Qt.TransformationMode = Instance(Qt.FastTransformation))
2026-10-08 08:20:43,852 [ERROR] generate_cover error: 'PySide6.QtGui.QPixmap.scaled' called with wrong argument values:
  PySide6.QtGui.QPixmap.scaled(256, 256)
Found signature:
  PySide6.QtGui.QPixmap.scaled(w: int, h: int, /, aspectMode: PySide6.QtCore.Qt.AspectRatioMode = Instance(Qt.IgnoreAspectRatio), mode: PySide6.QtCore.Qt.TransformationMode = Instance(Qt.FastTransformation))
2026-10-08 08:20:43,852 [ERROR] generate_cover error: 'PySide6.QtGui.QPixmap.scaled' called with wrong argument values:
  PySide6.QtGui.QPixmap.scaled(256, 256)
Found signature:
  PySide6.QtGui.QPixmap.scaled(w: int, h: int, /, aspectMode: PySide6.QtCore.Qt.AspectRatioMode = Instance(Qt.IgnoreAspectRatio), mode: PySide6.QtCore.Qt.TransformationMode = Instance(Qt.FastTransformation))
2026-10-08 08:23:21,168 [INFO] quit_app
2026-10-08 08:26:04,726 [INFO] Бэкап создан: F:\MyLauncher\backups\apps_2026-10-08_08-26-04.json
2026-10-08 08:26:04,738 [INFO] Звуки инициализированы: 7 шт.
2026-10-08 08:26:04,738 [INFO] Голосовые фразы: 7 шт.
2026-10-08 08:26:04,738 [INFO] tile scale: tile=100% icon=100% → 200×235
2026-10-08 08:26:04,951 [INFO] tile scale: tile=100% icon=100% → 200×235
2026-10-08 08:26:05,316 [INFO] resolve_target: Steam.lnk -> C:\Program Files (x86)\Steam\Steam.exe
2026-10-08 08:26:05,404 [ERROR] generate_cover error: 'PySide6.QtGui.QPixmap.scaled' called with wrong argument values:
  PySide6.QtGui.QPixmap.scaled(256, 256)
Found signature:
  PySide6.QtGui.QPixmap.scaled(w: int, h: int, /, aspectMode: PySide6.QtCore.Qt.AspectRatioMode = Instance(Qt.IgnoreAspectRatio), mode: PySide6.QtCore.Qt.TransformationMode = Instance(Qt.FastTransformation))
2026-10-08 08:26:05,408 [ERROR] generate_cover error: 'PySide6.QtGui.QPixmap.scaled' called with wrong argument values:
  PySide6.QtGui.QPixmap.scaled(256, 256)
Found signature:
  PySide6.QtGui.QPixmap.scaled(w: int, h: int, /, aspectMode: PySide6.QtCore.Qt.AspectRatioMode = Instance(Qt.IgnoreAspectRatio), mode: PySide6.QtCore.Qt.TransformationMode = Instance(Qt.FastTransformation))
2026-10-08 08:26:05,445 [ERROR] Плагин day_greeting.py: ошибка импорта: (unicode error) 'unicodeescape' codec can't decode bytes in position 103-104: truncated \uXXXX escape (day_greeting.py, line 19)
2026-10-08 08:26:05,446 [ERROR] Плагин hello_plugin.py: ошибка импорта: (unicode error) 'unicodeescape' codec can't decode bytes in position 0-1: truncated \uXXXX escape (hello_plugin.py, line 21)
2026-10-08 08:26:05,446 [ERROR] Плагин session_stats.py: ошибка импорта: (unicode error) 'unicodeescape' codec can't decode bytes in position 0-1: truncated \uXXXX escape (session_stats.py, line 35)
2026-10-08 08:26:10,970 [INFO] Процесс steam.exe завершён (terminate)
2026-10-08 08:26:10,970 [INFO] Завершено процессов: 1 (Steam)
2026-10-08 08:26:11,280 [ERROR] generate_cover error: 'PySide6.QtGui.QPixmap.scaled' called with wrong argument values:
  PySide6.QtGui.QPixmap.scaled(256, 256)
Found signature:
  PySide6.QtGui.QPixmap.scaled(w: int, h: int, /, aspectMode: PySide6.QtCore.Qt.AspectRatioMode = Instance(Qt.IgnoreAspectRatio), mode: PySide6.QtCore.Qt.TransformationMode = Instance(Qt.FastTransformation))
2026-10-08 08:26:11,281 [ERROR] generate_cover error: 'PySide6.QtGui.QPixmap.scaled' called with wrong argument values:
  PySide6.QtGui.QPixmap.scaled(256, 256)
Found signature:
  PySide6.QtGui.QPixmap.scaled(w: int, h: int, /, aspectMode: PySide6.QtCore.Qt.AspectRatioMode = Instance(Qt.IgnoreAspectRatio), mode: PySide6.QtCore.Qt.TransformationMode = Instance(Qt.FastTransformation))
2026-10-08 08:26:18,344 [ERROR] generate_cover error: 'PySide6.QtGui.QPixmap.scaled' called with wrong argument values:
  PySide6.QtGui.QPixmap.scaled(256, 256)
Found signature:
  PySide6.QtGui.QPixmap.scaled(w: int, h: int, /, aspectMode: PySide6.QtCore.Qt.AspectRatioMode = Instance(Qt.IgnoreAspectRatio), mode: PySide6.QtCore.Qt.TransformationMode = Instance(Qt.FastTransformation))
2026-10-08 08:26:18,345 [ERROR] generate_cover error: 'PySide6.QtGui.QPixmap.scaled' called with wrong argument values:
  PySide6.QtGui.QPixmap.scaled(256, 256)
Found signature:
  PySide6.QtGui.QPixmap.scaled(w: int, h: int, /, aspectMode: PySide6.QtCore.Qt.AspectRatioMode = Instance(Qt.IgnoreAspectRatio), mode: PySide6.QtCore.Qt.TransformationMode = Instance(Qt.FastTransformation))
2026-10-08 08:26:20,357 [ERROR] generate_cover error: 'PySide6.QtGui.QPixmap.scaled' called with wrong argument values:
  PySide6.QtGui.QPixmap.scaled(256, 256)
Found signature:
  PySide6.QtGui.QPixmap.scaled(w: int, h: int, /, aspectMode: PySide6.QtCore.Qt.AspectRatioMode = Instance(Qt.IgnoreAspectRatio), mode: PySide6.QtCore.Qt.TransformationMode = Instance(Qt.FastTransformation))
2026-10-08 08:26:20,358 [ERROR] generate_cover error: 'PySide6.QtGui.QPixmap.scaled' called with wrong argument values:
  PySide6.QtGui.QPixmap.scaled(256, 256)
Found signature:
  PySide6.QtGui.QPixmap.scaled(w: int, h: int, /, aspectMode: PySide6.QtCore.Qt.AspectRatioMode = Instance(Qt.IgnoreAspectRatio), mode: PySide6.QtCore.Qt.TransformationMode = Instance(Qt.FastTransformation))
2026-10-08 08:26:36,059 [INFO] Процесс steam.exe завершён (terminate)
2026-10-08 08:26:36,059 [INFO] Завершено процессов: 1 (Steam)
2026-10-08 08:26:36,373 [ERROR] generate_cover error: 'PySide6.QtGui.QPixmap.scaled' called with wrong argument values:
  PySide6.QtGui.QPixmap.scaled(256, 256)
Found signature:
  PySide6.QtGui.QPixmap.scaled(w: int, h: int, /, aspectMode: PySide6.QtCore.Qt.AspectRatioMode = Instance(Qt.IgnoreAspectRatio), mode: PySide6.QtCore.Qt.TransformationMode = Instance(Qt.FastTransformation))
2026-10-08 08:26:36,374 [ERROR] generate_cover error: 'PySide6.QtGui.QPixmap.scaled' called with wrong argument values:
  PySide6.QtGui.QPixmap.scaled(256, 256)
Found signature:
  PySide6.QtGui.QPixmap.scaled(w: int, h: int, /, aspectMode: PySide6.QtCore.Qt.AspectRatioMode = Instance(Qt.IgnoreAspectRatio), mode: PySide6.QtCore.Qt.TransformationMode = Instance(Qt.FastTransformation))
2026-10-08 08:37:42,542 [INFO] Бэкап создан: F:\MyLauncher\backups\apps_2026-10-08_08-37-42.json
2026-10-08 08:37:42,553 [INFO] Звуки инициализированы: 7 шт.
2026-10-08 08:37:42,554 [INFO] Голосовые фразы: 7 шт.
2026-10-08 08:37:42,554 [INFO] tile scale: tile=100% icon=100% → 200×235
2026-10-08 08:37:42,759 [INFO] tile scale: tile=100% icon=100% → 200×235
2026-10-08 08:37:43,117 [INFO] resolve_target: Steam.lnk -> C:\Program Files (x86)\Steam\Steam.exe
2026-10-08 08:37:43,216 [ERROR] generate_cover error: 'PySide6.QtGui.QPixmap.scaled' called with wrong argument values:
  PySide6.QtGui.QPixmap.scaled(256, 256)
Found signature:
  PySide6.QtGui.QPixmap.scaled(w: int, h: int, /, aspectMode: PySide6.QtCore.Qt.AspectRatioMode = Instance(Qt.IgnoreAspectRatio), mode: PySide6.QtCore.Qt.TransformationMode = Instance(Qt.FastTransformation))
2026-10-08 08:37:43,221 [ERROR] generate_cover error: 'PySide6.QtGui.QPixmap.scaled' called with wrong argument values:
  PySide6.QtGui.QPixmap.scaled(256, 256)
Found signature:
  PySide6.QtGui.QPixmap.scaled(w: int, h: int, /, aspectMode: PySide6.QtCore.Qt.AspectRatioMode = Instance(Qt.IgnoreAspectRatio), mode: PySide6.QtCore.Qt.TransformationMode = Instance(Qt.FastTransformation))
2026-10-08 08:37:43,250 [ERROR] Плагин day_greeting.py: ошибка импорта: (unicode error) 'unicodeescape' codec can't decode bytes in position 103-104: truncated \uXXXX escape (day_greeting.py, line 19)
2026-10-08 08:37:43,251 [ERROR] Плагин hello_plugin.py: ошибка импорта: (unicode error) 'unicodeescape' codec can't decode bytes in position 0-1: truncated \uXXXX escape (hello_plugin.py, line 21)
2026-10-08 08:37:43,252 [ERROR] Плагин session_stats.py: ошибка импорта: (unicode error) 'unicodeescape' codec can't decode bytes in position 0-1: truncated \uXXXX escape (session_stats.py, line 35)
2026-10-08 08:38:16,105 [INFO] Голосовые фразы: 7 шт.
2026-10-08 08:38:16,105 [INFO] tile scale: tile=100% icon=100% → 200×235
2026-10-08 08:38:16,132 [ERROR] generate_cover error: 'PySide6.QtGui.QPixmap.scaled' called with wrong argument values:
  PySide6.QtGui.QPixmap.scaled(256, 256)
Found signature:
  PySide6.QtGui.QPixmap.scaled(w: int, h: int, /, aspectMode: PySide6.QtCore.Qt.AspectRatioMode = Instance(Qt.IgnoreAspectRatio), mode: PySide6.QtCore.Qt.TransformationMode = Instance(Qt.FastTransformation))
2026-10-08 08:38:16,133 [ERROR] generate_cover error: 'PySide6.QtGui.QPixmap.scaled' called with wrong argument values:
  PySide6.QtGui.QPixmap.scaled(256, 256)
Found signature:
  PySide6.QtGui.QPixmap.scaled(w: int, h: int, /, aspectMode: PySide6.QtCore.Qt.AspectRatioMode = Instance(Qt.IgnoreAspectRatio), mode: PySide6.QtCore.Qt.TransformationMode = Instance(Qt.FastTransformation))
2026-10-08 08:39:12,472 [INFO] Голосовые фразы: 7 шт.
2026-10-08 08:39:12,472 [INFO] tile scale: tile=100% icon=100% → 200×235
2026-10-08 08:39:12,514 [ERROR] generate_cover error: 'PySide6.QtGui.QPixmap.scaled' called with wrong argument values:
  PySide6.QtGui.QPixmap.scaled(256, 256)
Found signature:
  PySide6.QtGui.QPixmap.scaled(w: int, h: int, /, aspectMode: PySide6.QtCore.Qt.AspectRatioMode = Instance(Qt.IgnoreAspectRatio), mode: PySide6.QtCore.Qt.TransformationMode = Instance(Qt.FastTransformation))
2026-10-08 08:39:12,515 [ERROR] generate_cover error: 'PySide6.QtGui.QPixmap.scaled' called with wrong argument values:
  PySide6.QtGui.QPixmap.scaled(256, 256)
Found signature:
  PySide6.QtGui.QPixmap.scaled(w: int, h: int, /, aspectMode: PySide6.QtCore.Qt.AspectRatioMode = Instance(Qt.IgnoreAspectRatio), mode: PySide6.QtCore.Qt.TransformationMode = Instance(Qt.FastTransformation))
2026-10-08 08:39:23,823 [ERROR] generate_cover error: 'PySide6.QtGui.QPixmap.scaled' called with wrong argument values:
  PySide6.QtGui.QPixmap.scaled(256, 256)
Found signature:
  PySide6.QtGui.QPixmap.scaled(w: int, h: int, /, aspectMode: PySide6.QtCore.Qt.AspectRatioMode = Instance(Qt.IgnoreAspectRatio), mode: PySide6.QtCore.Qt.TransformationMode = Instance(Qt.FastTransformation))
2026-10-08 08:39:23,824 [ERROR] generate_cover error: 'PySide6.QtGui.QPixmap.scaled' called with wrong argument values:
  PySide6.QtGui.QPixmap.scaled(256, 256)
Found signature:
  PySide6.QtGui.QPixmap.scaled(w: int, h: int, /, aspectMode: PySide6.QtCore.Qt.AspectRatioMode = Instance(Qt.IgnoreAspectRatio), mode: PySide6.QtCore.Qt.TransformationMode = Instance(Qt.FastTransformation))
2026-10-08 08:39:25,842 [ERROR] generate_cover error: 'PySide6.QtGui.QPixmap.scaled' called with wrong argument values:
  PySide6.QtGui.QPixmap.scaled(256, 256)
Found signature:
  PySide6.QtGui.QPixmap.scaled(w: int, h: int, /, aspectMode: PySide6.QtCore.Qt.AspectRatioMode = Instance(Qt.IgnoreAspectRatio), mode: PySide6.QtCore.Qt.TransformationMode = Instance(Qt.FastTransformation))
2026-10-08 08:39:25,843 [ERROR] generate_cover error: 'PySide6.QtGui.QPixmap.scaled' called with wrong argument values:
  PySide6.QtGui.QPixmap.scaled(256, 256)
Found signature:
  PySide6.QtGui.QPixmap.scaled(w: int, h: int, /, aspectMode: PySide6.QtCore.Qt.AspectRatioMode = Instance(Qt.IgnoreAspectRatio), mode: PySide6.QtCore.Qt.TransformationMode = Instance(Qt.FastTransformation))
2026-10-08 08:39:35,372 [INFO] Процесс steam.exe завершён (terminate)
2026-10-08 08:39:35,372 [INFO] Завершено процессов: 1 (Steam)
2026-10-08 08:39:35,690 [ERROR] generate_cover error: 'PySide6.QtGui.QPixmap.scaled' called with wrong argument values:
  PySide6.QtGui.QPixmap.scaled(256, 256)
Found signature:
  PySide6.QtGui.QPixmap.scaled(w: int, h: int, /, aspectMode: PySide6.QtCore.Qt.AspectRatioMode = Instance(Qt.IgnoreAspectRatio), mode: PySide6.QtCore.Qt.TransformationMode = Instance(Qt.FastTransformation))
2026-10-08 08:39:35,690 [ERROR] generate_cover error: 'PySide6.QtGui.QPixmap.scaled' called with wrong argument values:
  PySide6.QtGui.QPixmap.scaled(256, 256)
Found signature:
  PySide6.QtGui.QPixmap.scaled(w: int, h: int, /, aspectMode: PySide6.QtCore.Qt.AspectRatioMode = Instance(Qt.IgnoreAspectRatio), mode: PySide6.QtCore.Qt.TransformationMode = Instance(Qt.FastTransformation))
2026-10-08 08:40:11,585 [INFO] quit_app
2026-10-08 09:05:45,746 [INFO] Бэкап создан: F:\MyLauncher\backups\apps_2026-10-08_09-05-45.json
2026-10-08 09:05:45,758 [INFO] Звуки инициализированы: 7 шт.
2026-10-08 09:05:45,758 [INFO] Голосовые фразы: 7 шт.
2026-10-08 09:05:45,759 [INFO] tile scale: tile=100% icon=100% → 200×235
2026-10-08 09:05:46,021 [INFO] tile scale: tile=100% icon=100% → 200×235
2026-10-08 09:05:46,397 [INFO] resolve_target: Steam.lnk -> C:\Program Files (x86)\Steam\Steam.exe
2026-10-08 09:05:46,503 [ERROR] generate_cover error: 'PySide6.QtGui.QPixmap.scaled' called with wrong argument values:
  PySide6.QtGui.QPixmap.scaled(256, 256)
Found signature:
  PySide6.QtGui.QPixmap.scaled(w: int, h: int, /, aspectMode: PySide6.QtCore.Qt.AspectRatioMode = Instance(Qt.IgnoreAspectRatio), mode: PySide6.QtCore.Qt.TransformationMode = Instance(Qt.FastTransformation))
2026-10-08 09:05:46,508 [ERROR] generate_cover error: 'PySide6.QtGui.QPixmap.scaled' called with wrong argument values:
  PySide6.QtGui.QPixmap.scaled(256, 256)
Found signature:
  PySide6.QtGui.QPixmap.scaled(w: int, h: int, /, aspectMode: PySide6.QtCore.Qt.AspectRatioMode = Instance(Qt.IgnoreAspectRatio), mode: PySide6.QtCore.Qt.TransformationMode = Instance(Qt.FastTransformation))
2026-10-08 09:05:46,550 [ERROR] Плагин day_greeting.py: ошибка импорта: (unicode error) 'unicodeescape' codec can't decode bytes in position 103-104: truncated \uXXXX escape (day_greeting.py, line 19)
2026-10-08 09:05:46,551 [ERROR] Плагин hello_plugin.py: ошибка импорта: (unicode error) 'unicodeescape' codec can't decode bytes in position 0-1: truncated \uXXXX escape (hello_plugin.py, line 21)
2026-10-08 09:05:46,551 [ERROR] Плагин session_stats.py: ошибка импорта: (unicode error) 'unicodeescape' codec can't decode bytes in position 0-1: truncated \uXXXX escape (session_stats.py, line 35)
2026-10-08 09:13:35,639 [INFO] quit_app
2026-10-08 09:13:37,356 [INFO] Бэкап создан: F:\MyLauncher\backups\apps_2026-10-08_09-13-37.json
2026-10-08 09:13:37,367 [INFO] Звуки инициализированы: 7 шт.
2026-10-08 09:13:37,367 [INFO] Голосовые фразы: 7 шт.
2026-10-08 09:13:37,367 [INFO] tile scale: tile=100% icon=100% → 200×235
2026-10-08 09:13:37,496 [INFO] tile scale: tile=100% icon=100% → 200×235
2026-10-08 09:13:37,834 [INFO] resolve_target: Steam.lnk -> C:\Program Files (x86)\Steam\Steam.exe
2026-10-08 09:13:37,922 [ERROR] generate_cover error: 'PySide6.QtGui.QPixmap.scaled' called with wrong argument values:
  PySide6.QtGui.QPixmap.scaled(256, 256)
Found signature:
  PySide6.QtGui.QPixmap.scaled(w: int, h: int, /, aspectMode: PySide6.QtCore.Qt.AspectRatioMode = Instance(Qt.IgnoreAspectRatio), mode: PySide6.QtCore.Qt.TransformationMode = Instance(Qt.FastTransformation))
2026-10-08 09:13:37,927 [ERROR] generate_cover error: 'PySide6.QtGui.QPixmap.scaled' called with wrong argument values:
  PySide6.QtGui.QPixmap.scaled(256, 256)
Found signature:
  PySide6.QtGui.QPixmap.scaled(w: int, h: int, /, aspectMode: PySide6.QtCore.Qt.AspectRatioMode = Instance(Qt.IgnoreAspectRatio), mode: PySide6.QtCore.Qt.TransformationMode = Instance(Qt.FastTransformation))
2026-10-08 09:13:37,952 [ERROR] Плагин day_greeting.py: ошибка импорта: (unicode error) 'unicodeescape' codec can't decode bytes in position 103-104: truncated \uXXXX escape (day_greeting.py, line 19)
2026-10-08 09:13:37,952 [ERROR] Плагин hello_plugin.py: ошибка импорта: (unicode error) 'unicodeescape' codec can't decode bytes in position 0-1: truncated \uXXXX escape (hello_plugin.py, line 21)
2026-10-08 09:13:37,953 [ERROR] Плагин session_stats.py: ошибка импорта: (unicode error) 'unicodeescape' codec can't decode bytes in position 0-1: truncated \uXXXX escape (session_stats.py, line 35)
2026-10-08 09:14:49,441 [INFO] Голосовые фразы: 7 шт.
2026-10-08 09:14:49,441 [INFO] tile scale: tile=100% icon=100% → 200×235
2026-10-08 09:14:49,468 [ERROR] generate_cover error: 'PySide6.QtGui.QPixmap.scaled' called with wrong argument values:
  PySide6.QtGui.QPixmap.scaled(256, 256)
Found signature:
  PySide6.QtGui.QPixmap.scaled(w: int, h: int, /, aspectMode: PySide6.QtCore.Qt.AspectRatioMode = Instance(Qt.IgnoreAspectRatio), mode: PySide6.QtCore.Qt.TransformationMode = Instance(Qt.FastTransformation))
2026-10-08 09:14:49,469 [ERROR] generate_cover error: 'PySide6.QtGui.QPixmap.scaled' called with wrong argument values:
  PySide6.QtGui.QPixmap.scaled(256, 256)
Found signature:
  PySide6.QtGui.QPixmap.scaled(w: int, h: int, /, aspectMode: PySide6.QtCore.Qt.AspectRatioMode = Instance(Qt.IgnoreAspectRatio), mode: PySide6.QtCore.Qt.TransformationMode = Instance(Qt.FastTransformation))
2026-10-08 09:15:01,425 [INFO] Голосовые фразы: 7 шт.
2026-10-08 09:15:01,425 [INFO] tile scale: tile=100% icon=100% → 200×235
2026-10-08 09:15:01,465 [ERROR] generate_cover error: 'PySide6.QtGui.QPixmap.scaled' called with wrong argument values:
  PySide6.QtGui.QPixmap.scaled(256, 256)
Found signature:
  PySide6.QtGui.QPixmap.scaled(w: int, h: int, /, aspectMode: PySide6.QtCore.Qt.AspectRatioMode = Instance(Qt.IgnoreAspectRatio), mode: PySide6.QtCore.Qt.TransformationMode = Instance(Qt.FastTransformation))
2026-10-08 09:15:01,465 [ERROR] generate_cover error: 'PySide6.QtGui.QPixmap.scaled' called with wrong argument values:
  PySide6.QtGui.QPixmap.scaled(256, 256)
Found signature:
  PySide6.QtGui.QPixmap.scaled(w: int, h: int, /, aspectMode: PySide6.QtCore.Qt.AspectRatioMode = Instance(Qt.IgnoreAspectRatio), mode: PySide6.QtCore.Qt.TransformationMode = Instance(Qt.FastTransformation))
2026-10-08 09:15:22,282 [INFO] Голосовые фразы: 7 шт.
2026-10-08 09:15:22,282 [INFO] tile scale: tile=100% icon=100% → 200×235
2026-10-08 09:15:22,338 [ERROR] generate_cover error: 'PySide6.QtGui.QPixmap.scaled' called with wrong argument values:
  PySide6.QtGui.QPixmap.scaled(256, 256)
Found signature:
  PySide6.QtGui.QPixmap.scaled(w: int, h: int, /, aspectMode: PySide6.QtCore.Qt.AspectRatioMode = Instance(Qt.IgnoreAspectRatio), mode: PySide6.QtCore.Qt.TransformationMode = Instance(Qt.FastTransformation))
2026-10-08 09:15:22,339 [ERROR] generate_cover error: 'PySide6.QtGui.QPixmap.scaled' called with wrong argument values:
  PySide6.QtGui.QPixmap.scaled(256, 256)
Found signature:
  PySide6.QtGui.QPixmap.scaled(w: int, h: int, /, aspectMode: PySide6.QtCore.Qt.AspectRatioMode = Instance(Qt.IgnoreAspectRatio), mode: PySide6.QtCore.Qt.TransformationMode = Instance(Qt.FastTransformation))
2026-10-08 09:15:26,058 [INFO] Голосовые фразы: 7 шт.
2026-10-08 09:15:26,058 [INFO] tile scale: tile=100% icon=100% → 200×235
2026-10-08 09:15:26,126 [ERROR] generate_cover error: 'PySide6.QtGui.QPixmap.scaled' called with wrong argument values:
  PySide6.QtGui.QPixmap.scaled(256, 256)
Found signature:
  PySide6.QtGui.QPixmap.scaled(w: int, h: int, /, aspectMode: PySide6.QtCore.Qt.AspectRatioMode = Instance(Qt.IgnoreAspectRatio), mode: PySide6.QtCore.Qt.TransformationMode = Instance(Qt.FastTransformation))
2026-10-08 09:15:26,126 [ERROR] generate_cover error: 'PySide6.QtGui.QPixmap.scaled' called with wrong argument values:
  PySide6.QtGui.QPixmap.scaled(256, 256)
Found signature:
  PySide6.QtGui.QPixmap.scaled(w: int, h: int, /, aspectMode: PySide6.QtCore.Qt.AspectRatioMode = Instance(Qt.IgnoreAspectRatio), mode: PySide6.QtCore.Qt.TransformationMode = Instance(Qt.FastTransformation))
2026-10-08 09:15:31,159 [INFO] quit_app
2026-10-08 09:21:19,375 [INFO] Бэкап создан: F:\MyLauncher\backups\apps_2026-10-08_09-21-19.json
2026-10-08 09:21:19,385 [INFO] Звуки инициализированы: 7 шт.
2026-10-08 09:21:19,386 [INFO] Голосовые фразы: 7 шт.
2026-10-08 09:21:19,386 [INFO] tile scale: tile=100% icon=100% → 200×235
2026-10-08 09:21:19,564 [INFO] tile scale: tile=100% icon=100% → 200×235
2026-10-08 09:21:19,935 [INFO] resolve_target: Steam.lnk -> C:\Program Files (x86)\Steam\Steam.exe
2026-10-08 09:21:20,035 [ERROR] generate_cover error: 'PySide6.QtGui.QPixmap.scaled' called with wrong argument values:
  PySide6.QtGui.QPixmap.scaled(256, 256)
Found signature:
  PySide6.QtGui.QPixmap.scaled(w: int, h: int, /, aspectMode: PySide6.QtCore.Qt.AspectRatioMode = Instance(Qt.IgnoreAspectRatio), mode: PySide6.QtCore.Qt.TransformationMode = Instance(Qt.FastTransformation))
2026-10-08 09:21:20,040 [ERROR] generate_cover error: 'PySide6.QtGui.QPixmap.scaled' called with wrong argument values:
  PySide6.QtGui.QPixmap.scaled(256, 256)
Found signature:
  PySide6.QtGui.QPixmap.scaled(w: int, h: int, /, aspectMode: PySide6.QtCore.Qt.AspectRatioMode = Instance(Qt.IgnoreAspectRatio), mode: PySide6.QtCore.Qt.TransformationMode = Instance(Qt.FastTransformation))
2026-10-08 09:21:20,079 [ERROR] Плагин day_greeting.py: ошибка импорта: (unicode error) 'unicodeescape' codec can't decode bytes in position 103-104: truncated \uXXXX escape (day_greeting.py, line 19)
2026-10-08 09:21:20,080 [ERROR] Плагин hello_plugin.py: ошибка импорта: (unicode error) 'unicodeescape' codec can't decode bytes in position 0-1: truncated \uXXXX escape (hello_plugin.py, line 21)
2026-10-08 09:21:20,081 [ERROR] Плагин session_stats.py: ошибка импорта: (unicode error) 'unicodeescape' codec can't decode bytes in position 0-1: truncated \uXXXX escape (session_stats.py, line 35)
2026-10-08 09:21:27,453 [INFO] quit_app
2026-10-08 09:23:34,157 [INFO] Бэкап создан: F:\MyLauncher\backups\apps_2026-10-08_09-23-34.json
2026-10-08 09:23:34,169 [INFO] Звуки инициализированы: 7 шт.
2026-10-08 09:23:34,170 [INFO] Голосовые фразы: 7 шт.
2026-10-08 09:23:34,170 [INFO] tile scale: tile=100% icon=100% → 200×235
2026-10-08 09:23:34,271 [INFO] tile scale: tile=100% icon=100% → 200×235
2026-10-08 09:23:34,629 [INFO] resolve_target: Steam.lnk -> C:\Program Files (x86)\Steam\Steam.exe
2026-10-08 09:23:34,727 [ERROR] generate_cover error: 'PySide6.QtGui.QPixmap.scaled' called with wrong argument values:
  PySide6.QtGui.QPixmap.scaled(256, 256)
Found signature:
  PySide6.QtGui.QPixmap.scaled(w: int, h: int, /, aspectMode: PySide6.QtCore.Qt.AspectRatioMode = Instance(Qt.IgnoreAspectRatio), mode: PySide6.QtCore.Qt.TransformationMode = Instance(Qt.FastTransformation))
2026-10-08 09:23:34,733 [ERROR] generate_cover error: 'PySide6.QtGui.QPixmap.scaled' called with wrong argument values:
  PySide6.QtGui.QPixmap.scaled(256, 256)
Found signature:
  PySide6.QtGui.QPixmap.scaled(w: int, h: int, /, aspectMode: PySide6.QtCore.Qt.AspectRatioMode = Instance(Qt.IgnoreAspectRatio), mode: PySide6.QtCore.Qt.TransformationMode = Instance(Qt.FastTransformation))
2026-10-08 09:23:34,775 [ERROR] Плагин day_greeting.py: ошибка импорта: (unicode error) 'unicodeescape' codec can't decode bytes in position 103-104: truncated \uXXXX escape (day_greeting.py, line 19)
2026-10-08 09:23:34,775 [ERROR] Плагин hello_plugin.py: ошибка импорта: (unicode error) 'unicodeescape' codec can't decode bytes in position 0-1: truncated \uXXXX escape (hello_plugin.py, line 21)
2026-10-08 09:23:34,776 [ERROR] Плагин session_stats.py: ошибка импорта: (unicode error) 'unicodeescape' codec can't decode bytes in position 0-1: truncated \uXXXX escape (session_stats.py, line 35)
2026-10-08 09:23:43,440 [INFO] quit_app
2026-10-08 09:25:33,750 [INFO] Бэкап создан: F:\MyLauncher\backups\apps_2026-10-08_09-25-33.json
2026-10-08 09:25:33,760 [INFO] Звуки инициализированы: 7 шт.
2026-10-08 09:25:33,761 [INFO] Голосовые фразы: 7 шт.
2026-10-08 09:25:33,761 [INFO] tile scale: tile=100% icon=100% → 200×235
2026-10-08 09:25:33,872 [INFO] tile scale: tile=100% icon=100% → 200×235
2026-10-08 09:25:34,251 [INFO] resolve_target: Steam.lnk -> C:\Program Files (x86)\Steam\Steam.exe
2026-10-08 09:25:34,352 [ERROR] generate_cover error: 'PySide6.QtGui.QPixmap.scaled' called with wrong argument values:
  PySide6.QtGui.QPixmap.scaled(256, 256)
Found signature:
  PySide6.QtGui.QPixmap.scaled(w: int, h: int, /, aspectMode: PySide6.QtCore.Qt.AspectRatioMode = Instance(Qt.IgnoreAspectRatio), mode: PySide6.QtCore.Qt.TransformationMode = Instance(Qt.FastTransformation))
2026-10-08 09:25:34,357 [ERROR] generate_cover error: 'PySide6.QtGui.QPixmap.scaled' called with wrong argument values:
  PySide6.QtGui.QPixmap.scaled(256, 256)
Found signature:
  PySide6.QtGui.QPixmap.scaled(w: int, h: int, /, aspectMode: PySide6.QtCore.Qt.AspectRatioMode = Instance(Qt.IgnoreAspectRatio), mode: PySide6.QtCore.Qt.TransformationMode = Instance(Qt.FastTransformation))
2026-10-08 09:25:34,394 [ERROR] Плагин day_greeting.py: ошибка импорта: (unicode error) 'unicodeescape' codec can't decode bytes in position 103-104: truncated \uXXXX escape (day_greeting.py, line 19)
2026-10-08 09:25:34,395 [ERROR] Плагин hello_plugin.py: ошибка импорта: (unicode error) 'unicodeescape' codec can't decode bytes in position 0-1: truncated \uXXXX escape (hello_plugin.py, line 21)
2026-10-08 09:25:34,395 [ERROR] Плагин session_stats.py: ошибка импорта: (unicode error) 'unicodeescape' codec can't decode bytes in position 0-1: truncated \uXXXX escape (session_stats.py, line 35)
2026-10-08 09:25:52,526 [INFO] quit_app
